[INFO] Scanning for projects...
[INFO] 
[INFO] --------------< com.example:social-coordination-platform >--------------
[INFO] Building social-coordination-platform 0.0.1-SNAPSHOT
[INFO]   from pom.xml
[INFO] --------------------------------[ jar ]---------------------------------
[INFO] 
[INFO] >>> spring-boot:4.0.1:run (default-cli) > test-compile @ social-coordination-platform >>>
[INFO] 
[INFO] --- resources:3.3.1:resources (default-resources) @ social-coordination-platform ---
[INFO] Copying 1 resource from src/main/resources to target/classes
[INFO] Copying 0 resource from src/main/resources to target/classes
[INFO] 
[INFO] --- compiler:3.14.1:compile (default-compile) @ social-coordination-platform ---
[INFO] Nothing to compile - all classes are up to date.
[INFO] 
[INFO] --- resources:3.3.1:testResources (default-testResources) @ social-coordination-platform ---
[INFO] skip non existing resourceDirectory /Users/anvesh/Documents/Codes/MeetSpot-branch1/Social-Coordination-Platform/backend/src/test/resources
[INFO] 
[INFO] --- compiler:3.14.1:testCompile (default-testCompile) @ social-coordination-platform ---
[INFO] Nothing to compile - all classes are up to date.
[INFO] 
[INFO] <<< spring-boot:4.0.1:run (default-cli) < test-compile @ social-coordination-platform <<<
[INFO] 
[INFO] 
[INFO] --- spring-boot:4.0.1:run (default-cli) @ social-coordination-platform ---
[INFO] Attaching agents: []

  .   ____          _            __ _ _
 /\\ / ___'_ __ _ _(_)_ __  __ _ \ \ \ \
( ( )\___ | '_ | '_| | '_ \/ _` | \ \ \ \
 \\/  ___)| |_)| | | | | || (_| |  ) ) ) )
  '  |____| .__|_| |_|_| |_\__, | / / / /
 =========|_|==============|___/=/_/_/_/

 :: Spring Boot ::                (v4.0.1)

2026-07-14T16:41:39.295+05:30  INFO 38780 --- [social-coordination-platform] [           main] .l.SocialCoordinationPlatformApplication : Starting SocialCoordinationPlatformApplication using Java 21.0.11 with PID 38780 (/Users/anvesh/Documents/Codes/MeetSpot-branch1/Social-Coordination-Platform/backend/target/classes started by anvesh in /Users/anvesh/Documents/Codes/MeetSpot-branch1/Social-Coordination-Platform/backend)
2026-07-14T16:41:39.296+05:30  INFO 38780 --- [social-coordination-platform] [           main] .l.SocialCoordinationPlatformApplication : The following 1 profile is active: "dev"
2026-07-14T16:41:39.465+05:30  INFO 38780 --- [social-coordination-platform] [           main] .s.d.r.c.RepositoryConfigurationDelegate : Bootstrapping Spring Data MongoDB repositories in DEFAULT mode.
2026-07-14T16:41:39.481+05:30  INFO 38780 --- [social-coordination-platform] [           main] .s.d.r.c.RepositoryConfigurationDelegate : Finished Spring Data repository scanning in 14 ms. Found 5 MongoDB repository interfaces.
2026-07-14T16:41:39.599+05:30  INFO 38780 --- [social-coordination-platform] [           main] o.s.boot.tomcat.TomcatWebServer          : Tomcat initialized with port 8080 (http)
2026-07-14T16:41:39.603+05:30  INFO 38780 --- [social-coordination-platform] [           main] o.apache.catalina.core.StandardService   : Starting service [Tomcat]
2026-07-14T16:41:39.603+05:30  INFO 38780 --- [social-coordination-platform] [           main] o.apache.catalina.core.StandardEngine    : Starting Servlet engine: [Apache Tomcat/11.0.15]
2026-07-14T16:41:39.616+05:30  INFO 38780 --- [social-coordination-platform] [           main] b.w.c.s.WebApplicationContextInitializer : Root WebApplicationContext: initialization completed in 304 ms
2026-07-14T16:41:39.669+05:30  INFO 38780 --- [social-coordination-platform] [           main] org.mongodb.driver.client                : MongoClient with metadata {"driver": {"name": "mongo-java-driver|spring-boot|sync", "version": "5.6.2"}, "os": {"type": "Darwin", "name": "Mac OS X", "architecture": "aarch64", "version": "26.5.2"}, "platform": "Java/Homebrew/21.0.11"} created with settings MongoClientSettings{readPreference=primary, writeConcern=WriteConcern{w=null, wTimeout=null ms, journal=null}, retryWrites=true, retryReads=true, readConcern=ReadConcern{level=null}, credential=null, transportSettings=null, commandListeners=[], codecRegistry=ProvidersCodecRegistry{codecProviders=[ValueCodecProvider{}, BsonValueCodecProvider{}, DBRefCodecProvider{}, DBObjectCodecProvider{}, DocumentCodecProvider{}, CollectionCodecProvider{}, IterableCodecProvider{}, MapCodecProvider{}, GeoJsonCodecProvider{}, GridFSFileCodecProvider{}, Jsr310CodecProvider{}, JsonObjectCodecProvider{}, BsonCodecProvider{}, com.mongodb.client.model.mql.ExpressionCodecProvider@715f45c6, com.mongodb.Jep395RecordCodecProvider@5d5c41e5, com.mongodb.KotlinCodecProvider@43245559, EnumCodecProvider{}]}, loggerSettings=LoggerSettings{maxDocumentLength=1000}, clusterSettings={hosts=[localhost:27017], srvServiceName=mongodb, mode=SINGLE, requiredClusterType=UNKNOWN, requiredReplicaSetName='null', serverSelector='null', clusterListeners='[]', serverSelectionTimeout='30000 ms', localThreshold='15 ms'}, socketSettings=SocketSettings{connectTimeoutMS=10000, readTimeoutMS=0, receiveBufferSize=0, proxySettings=ProxySettings{host=null, port=null, username=null, password=null}}, heartbeatSocketSettings=SocketSettings{connectTimeoutMS=10000, readTimeoutMS=10000, receiveBufferSize=0, proxySettings=ProxySettings{host=null, port=null, username=null, password=null}}, connectionPoolSettings=ConnectionPoolSettings{maxSize=100, minSize=0, maxWaitTimeMS=120000, maxConnectionLifeTimeMS=0, maxConnectionIdleTimeMS=0, maintenanceInitialDelayMS=0, maintenanceFrequencyMS=60000, connectionPoolListeners=[], maxConnecting=2}, serverSettings=ServerSettings{heartbeatFrequencyMS=10000, minHeartbeatFrequencyMS=500, serverMonitoringMode=AUTO, serverListeners='[]', serverMonitorListeners='[]'}, sslSettings=SslSettings{enabled=false, invalidHostNameAllowed=false, context=null}, applicationName='null', compressorList=[], uuidRepresentation=UNSPECIFIED, serverApi=null, autoEncryptionSettings=null, dnsClient=null, inetAddressResolver=null, contextProvider=null, timeoutMS=null}
2026-07-14T16:41:39.682+05:30  INFO 38780 --- [social-coordination-platform] [localhost:27017] org.mongodb.driver.cluster               : Monitor thread successfully connected to server with description ServerDescription{address=localhost:27017, type=STANDALONE, cryptd=false, state=CONNECTED, ok=true, minWireVersion=0, maxWireVersion=27, maxDocumentSize=16777216, logicalSessionTimeoutMinutes=30, roundTripTimeNanos=5176000, minRoundTripTimeNanos=0}
2026-07-14T16:41:39.981+05:30  INFO 38780 --- [social-coordination-platform] [           main] o.s.m.s.b.SimpleBrokerMessageHandler     : Starting...
2026-07-14T16:41:39.981+05:30  INFO 38780 --- [social-coordination-platform] [           main] o.s.m.s.b.SimpleBrokerMessageHandler     : BrokerAvailabilityEvent[available=true, SimpleBrokerMessageHandler [org.springframework.messaging.simp.broker.DefaultSubscriptionRegistry@44485db]]
2026-07-14T16:41:39.982+05:30  INFO 38780 --- [social-coordination-platform] [           main] o.s.m.s.b.SimpleBrokerMessageHandler     : Started.
2026-07-14T16:41:39.985+05:30  INFO 38780 --- [social-coordination-platform] [           main] o.s.boot.tomcat.TomcatWebServer          : Tomcat started on port 8080 (http) with context path '/'
2026-07-14T16:41:39.988+05:30  INFO 38780 --- [social-coordination-platform] [           main] .l.SocialCoordinationPlatformApplication : Started SocialCoordinationPlatformApplication in 0.807 seconds (process running for 0.907)
2026-07-14T16:42:39.991+05:30  INFO 38780 --- [social-coordination-platform] [MessageBroker-2] o.s.w.s.c.WebSocketMessageBrokerStats    : WebSocketSession[0 current WS(0)-HttpStream(0)-HttpPoll(0), 0 total, 0 closed abnormally (0 connect failure, 0 send limit, 0 transport error)], stompSubProtocol[processed CONNECT(0)-CONNECTED(0)-DISCONNECT(0)], stompBrokerRelay[null], inboundChannel[pool size = 0, active threads = 0, queued tasks = 0, completed tasks = 0], outboundChannel[pool size = 0, active threads = 0, queued tasks = 0, completed tasks = 0], sockJsScheduler[pool size = 3, active threads = 1, queued tasks = 1, completed tasks = 1]
2026-07-14T16:43:50.275+05:30  INFO 38780 --- [social-coordination-platform] [nio-8080-exec-1] o.a.c.c.C.[Tomcat].[localhost].[/]       : Initializing Spring DispatcherServlet 'dispatcherServlet'
2026-07-14T16:43:50.275+05:30  INFO 38780 --- [social-coordination-platform] [nio-8080-exec-1] o.s.web.servlet.DispatcherServlet        : Initializing Servlet 'dispatcherServlet'
2026-07-14T16:43:50.276+05:30  INFO 38780 --- [social-coordination-platform] [nio-8080-exec-1] o.s.web.servlet.DispatcherServlet        : Completed initialization in 1 ms
2026-07-14T16:45:34.963+05:30  INFO 38780 --- [social-coordination-platform] [io-8080-exec-10] com.app.localgroup.auth.AuthService      : DEMO: OTP verified for mock account
2026-07-14T16:45:34.969+05:30  INFO 38780 --- [social-coordination-platform] [io-8080-exec-10] com.app.localgroup.auth.AuthService      : DEMO: Mock account authenticated
2026-07-14T16:45:35.010+05:30  INFO 38780 --- [social-coordination-platform] [io-8080-exec-10] com.app.localgroup.auth.AuthService      : JWT issued successfully for user: mock@sca.com
2026-07-14T16:45:40.910+05:30  INFO 38780 --- [social-coordination-platform] [nio-8080-exec-4] com.app.localgroup.auth.AuthService      : DEMO: OTP verified for mock account
2026-07-14T16:45:40.911+05:30  INFO 38780 --- [social-coordination-platform] [nio-8080-exec-4] com.app.localgroup.auth.AuthService      : DEMO: Mock account authenticated
2026-07-14T16:45:40.912+05:30  INFO 38780 --- [social-coordination-platform] [nio-8080-exec-4] com.app.localgroup.auth.AuthService      : JWT issued successfully for user: mock@sca.com
2026-07-14T16:45:40.919+05:30  WARN 38780 --- [social-coordination-platform] [nio-8080-exec-5] c.a.l.common.GlobalExceptionHandler      : Bad request: Creator has maximum allowed active groups
2026-07-14T16:46:00.052+05:30  INFO 38780 --- [social-coordination-platform] [nio-8080-exec-8] com.app.localgroup.auth.AuthService      : DEMO: OTP verified for mock account
2026-07-14T16:46:00.054+05:30  INFO 38780 --- [social-coordination-platform] [nio-8080-exec-8] com.app.localgroup.auth.AuthService      : DEMO: Mock account authenticated
2026-07-14T16:46:00.054+05:30  INFO 38780 --- [social-coordination-platform] [nio-8080-exec-8] com.app.localgroup.auth.AuthService      : JWT issued successfully for user: mock@sca.com
2026-07-14T16:46:00.068+05:30  INFO 38780 --- [social-coordination-platform] [nio-8080-exec-9] com.app.localgroup.place.PlaceService    : Created new map place: externalId=osm-test-verify-1784027760056 placeId=6a561a709db4b4f5d9cb08a1
2026-07-14T16:46:00.090+05:30  INFO 38780 --- [social-coordination-platform] [nio-8080-exec-9] com.app.localgroup.group.GroupService    : Group created: 6a561a709db4b4f5d9cb08a2 by 69ff3834dac40e3af5b74fe8 with place: 6a561a709db4b4f5d9cb08a1
2026-07-14T16:46:00.116+05:30  INFO 38780 --- [social-coordination-platform] [nio-8080-exec-3] com.app.localgroup.place.PlaceService    : Reused map place: externalId=osm-test-verify-1784027760056 placeId=6a561a709db4b4f5d9cb08a1
2026-07-14T16:46:00.117+05:30  INFO 38780 --- [social-coordination-platform] [nio-8080-exec-3] com.app.localgroup.group.GroupService    : Group created: 6a561a709db4b4f5d9cb08a4 by 69ff3834dac40e3af5b74fe8 with place: 6a561a709db4b4f5d9cb08a1
2026-07-14T16:46:08.050+05:30  INFO 38780 --- [social-coordination-platform] [nio-8080-exec-6] com.app.localgroup.auth.AuthService      : DEMO: OTP verified for mock account
2026-07-14T16:46:08.051+05:30  INFO 38780 --- [social-coordination-platform] [nio-8080-exec-6] com.app.localgroup.auth.AuthService      : DEMO: Mock account authenticated
2026-07-14T16:46:08.051+05:30  INFO 38780 --- [social-coordination-platform] [nio-8080-exec-6] com.app.localgroup.auth.AuthService      : JWT issued successfully for user: mock@sca.com
2026-07-14T16:46:17.396+05:30  INFO 38780 --- [social-coordination-platform] [io-8080-exec-10] com.app.localgroup.auth.AuthService      : DEMO: OTP verified for mock account
2026-07-14T16:46:17.397+05:30  INFO 38780 --- [social-coordination-platform] [io-8080-exec-10] com.app.localgroup.auth.AuthService      : DEMO: Mock account authenticated
2026-07-14T16:46:17.398+05:30  INFO 38780 --- [social-coordination-platform] [io-8080-exec-10] com.app.localgroup.auth.AuthService      : JWT issued successfully for user: mock@sca.com
2026-07-14T16:46:17.403+05:30  WARN 38780 --- [social-coordination-platform] [nio-8080-exec-1] c.a.l.common.GlobalExceptionHandler      : Bad request: Creator has maximum allowed active groups
2026-07-14T16:46:35.418+05:30  INFO 38780 --- [social-coordination-platform] [nio-8080-exec-4] com.app.localgroup.auth.AuthService      : DEMO: OTP verified for mock account
2026-07-14T16:46:35.419+05:30  INFO 38780 --- [social-coordination-platform] [nio-8080-exec-4] com.app.localgroup.auth.AuthService      : DEMO: Mock account authenticated
2026-07-14T16:46:35.420+05:30  INFO 38780 --- [social-coordination-platform] [nio-8080-exec-4] com.app.localgroup.auth.AuthService      : JWT issued successfully for user: mock@sca.com
2026-07-14T16:46:35.425+05:30  INFO 38780 --- [social-coordination-platform] [nio-8080-exec-5] com.app.localgroup.place.PlaceService    : Created new map place: externalId=osm-test-verify-1784027795421 placeId=6a561a939db4b4f5d9cb08a6
2026-07-14T16:46:35.448+05:30  INFO 38780 --- [social-coordination-platform] [nio-8080-exec-5] com.app.localgroup.group.GroupService    : Group created: 6a561a939db4b4f5d9cb08a7 by 69ff3834dac40e3af5b74fe8 with place: 6a561a939db4b4f5d9cb08a6
2026-07-14T16:46:35.467+05:30  INFO 38780 --- [social-coordination-platform] [nio-8080-exec-9] com.app.localgroup.place.PlaceService    : Reused map place: externalId=osm-test-verify-1784027795421 placeId=6a561a939db4b4f5d9cb08a6
2026-07-14T16:46:35.468+05:30  INFO 38780 --- [social-coordination-platform] [nio-8080-exec-9] com.app.localgroup.group.GroupService    : Group created: 6a561a939db4b4f5d9cb08a9 by 69ff3834dac40e3af5b74fe8 with place: 6a561a939db4b4f5d9cb08a6
2026-07-14T16:46:40.132+05:30  INFO 38780 --- [social-coordination-platform] [MessageBroker-2] c.a.l.group.GroupLifecycleScheduler      : Group 6a561a939db4b4f5d9cb08a7 transitioned JOINABLE->CONFIRMATION
2026-07-14T16:46:40.137+05:30  INFO 38780 --- [social-coordination-platform] [MessageBroker-2] c.a.l.group.GroupLifecycleScheduler      : Group 6a561a939db4b4f5d9cb08a9 transitioned JOINABLE->CONFIRMATION
2026-07-14T16:48:30.653+05:30  WARN 38780 --- [social-coordination-platform] [nio-8080-exec-4] c.a.l.c.jwt.JwtAuthenticationFilter      : JWT validation failed: JWT expired at 2026-07-14T10:57:17Z. Current time: 2026-07-14T11:18:30Z, a difference of 1273650 milliseconds.  Allowed clock skew: 0 milliseconds.
2026-07-14T16:48:30.660+05:30  WARN 38780 --- [social-coordination-platform] [nio-8080-exec-7] c.a.l.c.jwt.JwtAuthenticationFilter      : JWT validation failed: JWT expired at 2026-07-14T10:57:17Z. Current time: 2026-07-14T11:18:30Z, a difference of 1273660 milliseconds.  Allowed clock skew: 0 milliseconds.
2026-07-14T16:48:30.660+05:30  WARN 38780 --- [social-coordination-platform] [nio-8080-exec-6] c.a.l.c.jwt.JwtAuthenticationFilter      : JWT validation failed: JWT expired at 2026-07-14T10:57:17Z. Current time: 2026-07-14T11:18:30Z, a difference of 1273660 milliseconds.  Allowed clock skew: 0 milliseconds.
2026-07-14T16:48:53.498+05:30  INFO 38780 --- [social-coordination-platform] [nio-8080-exec-2] com.app.localgroup.auth.AuthService      : ===============================================================
2026-07-14T16:48:53.498+05:30  INFO 38780 --- [social-coordination-platform] [nio-8080-exec-2] com.app.localgroup.auth.AuthService      : DEMO MODE - OTP GENERATED FOR MOCK ACCOUNT
2026-07-14T16:48:53.498+05:30  INFO 38780 --- [social-coordination-platform] [nio-8080-exec-2] com.app.localgroup.auth.AuthService      : Email: mock@sca.com
2026-07-14T16:48:53.498+05:30  INFO 38780 --- [social-coordination-platform] [nio-8080-exec-2] com.app.localgroup.auth.AuthService      : Phone: 9999999999
2026-07-14T16:48:53.498+05:30  INFO 38780 --- [social-coordination-platform] [nio-8080-exec-2] com.app.localgroup.auth.AuthService      : OTP: 000000
2026-07-14T16:48:53.498+05:30  INFO 38780 --- [social-coordination-platform] [nio-8080-exec-2] com.app.localgroup.auth.AuthService      : ===============================================================
2026-07-14T16:48:59.956+05:30  INFO 38780 --- [social-coordination-platform] [nio-8080-exec-4] com.app.localgroup.auth.AuthService      : DEMO: OTP verified for mock account
2026-07-14T16:48:59.960+05:30  INFO 38780 --- [social-coordination-platform] [nio-8080-exec-4] com.app.localgroup.auth.AuthService      : DEMO: Mock account authenticated
2026-07-14T16:48:59.961+05:30  INFO 38780 --- [social-coordination-platform] [nio-8080-exec-4] com.app.localgroup.auth.AuthService      : JWT issued successfully for user: mock@sca.com
2026-07-14T16:49:10.749+05:30  WARN 38780 --- [social-coordination-platform] [nio-8080-exec-9] c.a.l.common.GlobalExceptionHandler      : Bad request: Creator has maximum allowed active groups
2026-07-14T16:50:06.358+05:30  INFO 38780 --- [social-coordination-platform] [nio-8080-exec-9] com.app.localgroup.auth.AuthService      : ===============================================================
2026-07-14T16:50:06.358+05:30  INFO 38780 --- [social-coordination-platform] [nio-8080-exec-9] com.app.localgroup.auth.AuthService      : DEMO MODE - OTP GENERATED
2026-07-14T16:50:06.359+05:30  INFO 38780 --- [social-coordination-platform] [nio-8080-exec-9] com.app.localgroup.auth.AuthService      : Email: a1@gmail.com
2026-07-14T16:50:06.359+05:30  INFO 38780 --- [social-coordination-platform] [nio-8080-exec-9] com.app.localgroup.auth.AuthService      : Phone: 9638527418
2026-07-14T16:50:06.359+05:30  INFO 38780 --- [social-coordination-platform] [nio-8080-exec-9] com.app.localgroup.auth.AuthService      : OTP: 707093
2026-07-14T16:50:06.359+05:30  INFO 38780 --- [social-coordination-platform] [nio-8080-exec-9] com.app.localgroup.auth.AuthService      : ===============================================================
2026-07-14T16:50:11.739+05:30  INFO 38780 --- [social-coordination-platform] [nio-8080-exec-1] com.app.localgroup.auth.AuthService      : Existing user verified: a1@gmail.com
2026-07-14T16:50:11.741+05:30  INFO 38780 --- [social-coordination-platform] [nio-8080-exec-1] com.app.localgroup.auth.AuthService      : JWT issued successfully for user: a1@gmail.com
2026-07-14T16:51:46.809+05:30  INFO 38780 --- [social-coordination-platform] [nio-8080-exec-8] com.app.localgroup.place.PlaceService    : Reused map place: externalId=osm-10262578319 placeId=6a55e1475db8be4d92320655
2026-07-14T16:51:46.813+05:30  INFO 38780 --- [social-coordination-platform] [nio-8080-exec-8] com.app.localgroup.group.GroupService    : Group created: 6a561bca9db4b4f5d9cb08ab by 6a1e86d239d4e78cf52c46ee with place: 6a55e1475db8be4d92320655
2026-07-14T16:52:19.106+05:30  INFO 38780 --- [social-coordination-platform] [nio-8080-exec-1] com.app.localgroup.auth.AuthService      : ===============================================================
2026-07-14T16:52:19.107+05:30  INFO 38780 --- [social-coordination-platform] [nio-8080-exec-1] com.app.localgroup.auth.AuthService      : DEMO MODE - OTP GENERATED
2026-07-14T16:52:19.107+05:30  INFO 38780 --- [social-coordination-platform] [nio-8080-exec-1] com.app.localgroup.auth.AuthService      : Email: b2@gmail.com
2026-07-14T16:52:19.107+05:30  INFO 38780 --- [social-coordination-platform] [nio-8080-exec-1] com.app.localgroup.auth.AuthService      : Phone: 9638527417
2026-07-14T16:52:19.107+05:30  INFO 38780 --- [social-coordination-platform] [nio-8080-exec-1] com.app.localgroup.auth.AuthService      : OTP: 633763
2026-07-14T16:52:19.107+05:30  INFO 38780 --- [social-coordination-platform] [nio-8080-exec-1] com.app.localgroup.auth.AuthService      : ===============================================================
2026-07-14T16:52:24.436+05:30  INFO 38780 --- [social-coordination-platform] [nio-8080-exec-2] com.app.localgroup.auth.AuthService      : Existing user verified: b2@gmail.com
2026-07-14T16:52:24.437+05:30  INFO 38780 --- [social-coordination-platform] [nio-8080-exec-2] com.app.localgroup.auth.AuthService      : JWT issued successfully for user: b2@gmail.com
2026-07-14T17:00:39.632+05:30  INFO 38780 --- [social-coordination-platform] [nio-8080-exec-1] com.app.localgroup.auth.AuthService      : ===============================================================
2026-07-14T17:00:39.633+05:30  INFO 38780 --- [social-coordination-platform] [nio-8080-exec-1] com.app.localgroup.auth.AuthService      : DEMO MODE - OTP GENERATED
2026-07-14T17:00:39.633+05:30  INFO 38780 --- [social-coordination-platform] [nio-8080-exec-1] com.app.localgroup.auth.AuthService      : Email: a1@gmail.com
2026-07-14T17:00:39.633+05:30  INFO 38780 --- [social-coordination-platform] [nio-8080-exec-1] com.app.localgroup.auth.AuthService      : Phone: 9638527417
2026-07-14T17:00:39.633+05:30  INFO 38780 --- [social-coordination-platform] [nio-8080-exec-1] com.app.localgroup.auth.AuthService      : OTP: 153715
2026-07-14T17:00:39.633+05:30  INFO 38780 --- [social-coordination-platform] [nio-8080-exec-1] com.app.localgroup.auth.AuthService      : ===============================================================
2026-07-14T17:00:58.183+05:30  WARN 38780 --- [social-coordination-platform] [nio-8080-exec-8] com.app.localgroup.auth.AuthService      : Email/phone mismatch: email=a1@gmail.com, existing phone=9638527418, provided phone=9638527417
2026-07-14T17:00:58.183+05:30 ERROR 38780 --- [social-coordination-platform] [nio-8080-exec-8] com.app.localgroup.auth.AuthService      : Error during OTP verification or JWT generation: 

com.app.localgroup.auth.exception.UnauthorizedException: Email and phone mismatch
	at com.app.localgroup.auth.AuthService.lambda$verifyOtpAndIssueToken$0(AuthService.java:125) ~[classes/:na]
	at java.base/java.util.Optional.map(Optional.java:260) ~[na:na]
	at com.app.localgroup.auth.AuthService.verifyOtpAndIssueToken(AuthService.java:121) ~[classes/:na]
	at com.app.localgroup.auth.AuthController.verifyOtp(AuthController.java:54) ~[classes/:na]
	at java.base/jdk.internal.reflect.DirectMethodHandleAccessor.invoke(DirectMethodHandleAccessor.java:103) ~[na:na]
	at java.base/java.lang.reflect.Method.invoke(Method.java:580) ~[na:na]
	at org.springframework.web.method.support.InvocableHandlerMethod.doInvoke(InvocableHandlerMethod.java:258) ~[spring-web-7.0.2.jar:7.0.2]
	at org.springframework.web.method.support.InvocableHandlerMethod.invokeForRequest(InvocableHandlerMethod.java:190) ~[spring-web-7.0.2.jar:7.0.2]
	at org.springframework.web.servlet.mvc.method.annotation.ServletInvocableHandlerMethod.invokeAndHandle(ServletInvocableHandlerMethod.java:117) ~[spring-webmvc-7.0.2.jar:7.0.2]
	at org.springframework.web.servlet.mvc.method.annotation.RequestMappingHandlerAdapter.invokeHandlerMethod(RequestMappingHandlerAdapter.java:934) ~[spring-webmvc-7.0.2.jar:7.0.2]
	at org.springframework.web.servlet.mvc.method.annotation.RequestMappingHandlerAdapter.handleInternal(RequestMappingHandlerAdapter.java:853) ~[spring-webmvc-7.0.2.jar:7.0.2]
	at org.springframework.web.servlet.mvc.method.AbstractHandlerMethodAdapter.handle(AbstractHandlerMethodAdapter.java:86) ~[spring-webmvc-7.0.2.jar:7.0.2]
	at org.springframework.web.servlet.DispatcherServlet.doDispatch(DispatcherServlet.java:963) ~[spring-webmvc-7.0.2.jar:7.0.2]
	at org.springframework.web.servlet.DispatcherServlet.doService(DispatcherServlet.java:866) ~[spring-webmvc-7.0.2.jar:7.0.2]
	at org.springframework.web.servlet.FrameworkServlet.processRequest(FrameworkServlet.java:1003) ~[spring-webmvc-7.0.2.jar:7.0.2]
	at org.springframework.web.servlet.FrameworkServlet.doPost(FrameworkServlet.java:903) ~[spring-webmvc-7.0.2.jar:7.0.2]
	at jakarta.servlet.http.HttpServlet.service(HttpServlet.java:649) ~[tomcat-embed-core-11.0.15.jar:6.1]
	at org.springframework.web.servlet.FrameworkServlet.service(FrameworkServlet.java:874) ~[spring-webmvc-7.0.2.jar:7.0.2]
	at jakarta.servlet.http.HttpServlet.service(HttpServlet.java:710) ~[tomcat-embed-core-11.0.15.jar:6.1]
	at org.apache.catalina.core.ApplicationFilterChain.doFilter(ApplicationFilterChain.java:128) ~[tomcat-embed-core-11.0.15.jar:11.0.15]
	at org.apache.tomcat.websocket.server.WsFilter.doFilter(WsFilter.java:53) ~[tomcat-embed-websocket-11.0.15.jar:11.0.15]
	at org.apache.catalina.core.ApplicationFilterChain.doFilter(ApplicationFilterChain.java:107) ~[tomcat-embed-core-11.0.15.jar:11.0.15]
	at org.springframework.web.filter.OncePerRequestFilter.doFilter(OncePerRequestFilter.java:101) ~[spring-web-7.0.2.jar:7.0.2]
	at org.apache.catalina.core.ApplicationFilterChain.doFilter(ApplicationFilterChain.java:107) ~[tomcat-embed-core-11.0.15.jar:11.0.15]
	at org.springframework.web.filter.CompositeFilter$VirtualFilterChain.doFilter(CompositeFilter.java:108) ~[spring-web-7.0.2.jar:7.0.2]
	at org.springframework.security.web.FilterChainProxy.lambda$doFilterInternal$3(FilterChainProxy.java:235) ~[spring-security-web-7.0.2.jar:7.0.2]
	at org.springframework.security.web.FilterChainProxy$VirtualFilterChain.doFilter(FilterChainProxy.java:371) ~[spring-security-web-7.0.2.jar:7.0.2]
	at org.springframework.security.web.access.intercept.AuthorizationFilter.doFilter(AuthorizationFilter.java:101) ~[spring-security-web-7.0.2.jar:7.0.2]
	at org.springframework.security.web.FilterChainProxy$VirtualFilterChain.doFilter(FilterChainProxy.java:380) ~[spring-security-web-7.0.2.jar:7.0.2]
	at org.springframework.security.web.access.ExceptionTranslationFilter.doFilter(ExceptionTranslationFilter.java:126) ~[spring-security-web-7.0.2.jar:7.0.2]
	at org.springframework.security.web.access.ExceptionTranslationFilter.doFilter(ExceptionTranslationFilter.java:120) ~[spring-security-web-7.0.2.jar:7.0.2]
	at org.springframework.security.web.FilterChainProxy$VirtualFilterChain.doFilter(FilterChainProxy.java:380) ~[spring-security-web-7.0.2.jar:7.0.2]
	at org.springframework.security.web.session.SessionManagementFilter.doFilter(SessionManagementFilter.java:132) ~[spring-security-web-7.0.2.jar:7.0.2]
	at org.springframework.security.web.session.SessionManagementFilter.doFilter(SessionManagementFilter.java:86) ~[spring-security-web-7.0.2.jar:7.0.2]
	at org.springframework.security.web.FilterChainProxy$VirtualFilterChain.doFilter(FilterChainProxy.java:380) ~[spring-security-web-7.0.2.jar:7.0.2]
	at org.springframework.security.web.authentication.AnonymousAuthenticationFilter.doFilter(AnonymousAuthenticationFilter.java:100) ~[spring-security-web-7.0.2.jar:7.0.2]
	at org.springframework.security.web.FilterChainProxy$VirtualFilterChain.doFilter(FilterChainProxy.java:380) ~[spring-security-web-7.0.2.jar:7.0.2]
	at org.springframework.security.web.servletapi.SecurityContextHolderAwareRequestFilter.doFilter(SecurityContextHolderAwareRequestFilter.java:181) ~[spring-security-web-7.0.2.jar:7.0.2]
	at org.springframework.security.web.FilterChainProxy$VirtualFilterChain.doFilter(FilterChainProxy.java:380) ~[spring-security-web-7.0.2.jar:7.0.2]
	at org.springframework.security.web.savedrequest.RequestCacheAwareFilter.doFilter(RequestCacheAwareFilter.java:63) ~[spring-security-web-7.0.2.jar:7.0.2]
	at org.springframework.security.web.FilterChainProxy$VirtualFilterChain.doFilter(FilterChainProxy.java:380) ~[spring-security-web-7.0.2.jar:7.0.2]
	at org.springframework.web.filter.OncePerRequestFilter.doFilter(OncePerRequestFilter.java:101) ~[spring-web-7.0.2.jar:7.0.2]
	at org.springframework.security.web.FilterChainProxy$VirtualFilterChain.doFilter(FilterChainProxy.java:380) ~[spring-security-web-7.0.2.jar:7.0.2]
	at org.springframework.security.web.authentication.logout.LogoutFilter.doFilter(LogoutFilter.java:110) ~[spring-security-web-7.0.2.jar:7.0.2]
	at org.springframework.security.web.authentication.logout.LogoutFilter.doFilter(LogoutFilter.java:96) ~[spring-security-web-7.0.2.jar:7.0.2]
	at org.springframework.security.web.FilterChainProxy$VirtualFilterChain.doFilter(FilterChainProxy.java:380) ~[spring-security-web-7.0.2.jar:7.0.2]
	at org.springframework.web.filter.CorsFilter.doFilterInternal(CorsFilter.java:91) ~[spring-web-7.0.2.jar:7.0.2]
	at org.springframework.web.filter.OncePerRequestFilter.doFilter(OncePerRequestFilter.java:116) ~[spring-web-7.0.2.jar:7.0.2]
	at org.springframework.security.web.FilterChainProxy$VirtualFilterChain.doFilter(FilterChainProxy.java:380) ~[spring-security-web-7.0.2.jar:7.0.2]
	at org.springframework.security.web.header.HeaderWriterFilter.doHeadersAfter(HeaderWriterFilter.java:90) ~[spring-security-web-7.0.2.jar:7.0.2]
	at org.springframework.security.web.header.HeaderWriterFilter.doFilterInternal(HeaderWriterFilter.java:75) ~[spring-security-web-7.0.2.jar:7.0.2]
	at org.springframework.web.filter.OncePerRequestFilter.doFilter(OncePerRequestFilter.java:116) ~[spring-web-7.0.2.jar:7.0.2]
	at org.springframework.security.web.FilterChainProxy$VirtualFilterChain.doFilter(FilterChainProxy.java:380) ~[spring-security-web-7.0.2.jar:7.0.2]
	at org.springframework.security.web.context.SecurityContextHolderFilter.doFilter(SecurityContextHolderFilter.java:82) ~[spring-security-web-7.0.2.jar:7.0.2]
	at org.springframework.security.web.context.SecurityContextHolderFilter.doFilter(SecurityContextHolderFilter.java:69) ~[spring-security-web-7.0.2.jar:7.0.2]
	at org.springframework.security.web.FilterChainProxy$VirtualFilterChain.doFilter(FilterChainProxy.java:380) ~[spring-security-web-7.0.2.jar:7.0.2]
	at org.springframework.security.web.context.request.async.WebAsyncManagerIntegrationFilter.doFilterInternal(WebAsyncManagerIntegrationFilter.java:62) ~[spring-security-web-7.0.2.jar:7.0.2]
	at org.springframework.web.filter.OncePerRequestFilter.doFilter(OncePerRequestFilter.java:116) ~[spring-web-7.0.2.jar:7.0.2]
	at org.springframework.security.web.FilterChainProxy$VirtualFilterChain.doFilter(FilterChainProxy.java:380) ~[spring-security-web-7.0.2.jar:7.0.2]
	at org.springframework.security.web.session.DisableEncodeUrlFilter.doFilterInternal(DisableEncodeUrlFilter.java:42) ~[spring-security-web-7.0.2.jar:7.0.2]
	at org.springframework.web.filter.OncePerRequestFilter.doFilter(OncePerRequestFilter.java:116) ~[spring-web-7.0.2.jar:7.0.2]
	at org.springframework.security.web.FilterChainProxy$VirtualFilterChain.doFilter(FilterChainProxy.java:380) ~[spring-security-web-7.0.2.jar:7.0.2]
	at org.springframework.security.web.FilterChainProxy.doFilterInternal(FilterChainProxy.java:237) ~[spring-security-web-7.0.2.jar:7.0.2]
	at org.springframework.security.web.FilterChainProxy.doFilter(FilterChainProxy.java:195) ~[spring-security-web-7.0.2.jar:7.0.2]
	at org.springframework.web.filter.CompositeFilter$VirtualFilterChain.doFilter(CompositeFilter.java:113) ~[spring-web-7.0.2.jar:7.0.2]
	at org.springframework.web.filter.ServletRequestPathFilter.doFilter(ServletRequestPathFilter.java:52) ~[spring-web-7.0.2.jar:7.0.2]
	at org.springframework.web.filter.CompositeFilter$VirtualFilterChain.doFilter(CompositeFilter.java:113) ~[spring-web-7.0.2.jar:7.0.2]
	at org.springframework.web.filter.CompositeFilter.doFilter(CompositeFilter.java:74) ~[spring-web-7.0.2.jar:7.0.2]
	at org.springframework.security.config.annotation.web.configuration.WebSecurityConfiguration$CompositeFilterChainProxy.doFilter(WebSecurityConfiguration.java:317) ~[spring-security-config-7.0.2.jar:7.0.2]
	at org.springframework.web.filter.DelegatingFilterProxy.invokeDelegate(DelegatingFilterProxy.java:355) ~[spring-web-7.0.2.jar:7.0.2]
	at org.springframework.web.filter.DelegatingFilterProxy.doFilter(DelegatingFilterProxy.java:272) ~[spring-web-7.0.2.jar:7.0.2]
	at org.apache.catalina.core.ApplicationFilterChain.doFilter(ApplicationFilterChain.java:107) ~[tomcat-embed-core-11.0.15.jar:11.0.15]
	at org.springframework.web.filter.RequestContextFilter.doFilterInternal(RequestContextFilter.java:100) ~[spring-web-7.0.2.jar:7.0.2]
	at org.springframework.web.filter.OncePerRequestFilter.doFilter(OncePerRequestFilter.java:116) ~[spring-web-7.0.2.jar:7.0.2]
	at org.apache.catalina.core.ApplicationFilterChain.doFilter(ApplicationFilterChain.java:107) ~[tomcat-embed-core-11.0.15.jar:11.0.15]
	at org.springframework.web.filter.FormContentFilter.doFilterInternal(FormContentFilter.java:93) ~[spring-web-7.0.2.jar:7.0.2]
	at org.springframework.web.filter.OncePerRequestFilter.doFilter(OncePerRequestFilter.java:116) ~[spring-web-7.0.2.jar:7.0.2]
	at org.apache.catalina.core.ApplicationFilterChain.doFilter(ApplicationFilterChain.java:107) ~[tomcat-embed-core-11.0.15.jar:11.0.15]
	at org.springframework.web.filter.CharacterEncodingFilter.doFilterInternal(CharacterEncodingFilter.java:199) ~[spring-web-7.0.2.jar:7.0.2]
	at org.springframework.web.filter.OncePerRequestFilter.doFilter(OncePerRequestFilter.java:116) ~[spring-web-7.0.2.jar:7.0.2]
	at org.apache.catalina.core.ApplicationFilterChain.doFilter(ApplicationFilterChain.java:107) ~[tomcat-embed-core-11.0.15.jar:11.0.15]
	at org.apache.catalina.core.StandardWrapperValve.invoke(StandardWrapperValve.java:165) ~[tomcat-embed-core-11.0.15.jar:11.0.15]
	at org.apache.catalina.core.StandardContextValve.invoke(StandardContextValve.java:77) ~[tomcat-embed-core-11.0.15.jar:11.0.15]
	at org.apache.catalina.authenticator.AuthenticatorBase.invoke(AuthenticatorBase.java:482) ~[tomcat-embed-core-11.0.15.jar:11.0.15]
	at org.apache.catalina.core.StandardHostValve.invoke(StandardHostValve.java:113) ~[tomcat-embed-core-11.0.15.jar:11.0.15]
	at org.apache.catalina.valves.ErrorReportValve.invoke(ErrorReportValve.java:83) ~[tomcat-embed-core-11.0.15.jar:11.0.15]
	at org.apache.catalina.core.StandardEngineValve.invoke(StandardEngineValve.java:72) ~[tomcat-embed-core-11.0.15.jar:11.0.15]
	at org.apache.catalina.connector.CoyoteAdapter.service(CoyoteAdapter.java:341) ~[tomcat-embed-core-11.0.15.jar:11.0.15]
	at org.apache.coyote.http11.Http11Processor.service(Http11Processor.java:397) ~[tomcat-embed-core-11.0.15.jar:11.0.15]
	at org.apache.coyote.AbstractProcessorLight.process(AbstractProcessorLight.java:63) ~[tomcat-embed-core-11.0.15.jar:11.0.15]
	at org.apache.coyote.AbstractProtocol$ConnectionHandler.process(AbstractProtocol.java:903) ~[tomcat-embed-core-11.0.15.jar:11.0.15]
	at org.apache.tomcat.util.net.NioEndpoint$SocketProcessor.doRun(NioEndpoint.java:1778) ~[tomcat-embed-core-11.0.15.jar:11.0.15]
	at org.apache.tomcat.util.net.SocketProcessorBase.run(SocketProcessorBase.java:52) ~[tomcat-embed-core-11.0.15.jar:11.0.15]
	at org.apache.tomcat.util.threads.ThreadPoolExecutor.runWorker(ThreadPoolExecutor.java:946) ~[tomcat-embed-core-11.0.15.jar:11.0.15]
	at org.apache.tomcat.util.threads.ThreadPoolExecutor$Worker.run(ThreadPoolExecutor.java:480) ~[tomcat-embed-core-11.0.15.jar:11.0.15]
	at org.apache.tomcat.util.threads.TaskThread$WrappingRunnable.run(TaskThread.java:57) ~[tomcat-embed-core-11.0.15.jar:11.0.15]
	at java.base/java.lang.Thread.run(Thread.java:1583) ~[na:na]

2026-07-14T17:00:58.192+05:30  WARN 38780 --- [social-coordination-platform] [nio-8080-exec-8] c.a.l.common.GlobalExceptionHandler      : Unauthorized access attempt: Email and phone mismatch
2026-07-14T17:01:30.271+05:30  INFO 38780 --- [social-coordination-platform] [nio-8080-exec-4] com.app.localgroup.auth.AuthService      : ===============================================================
2026-07-14T17:01:30.272+05:30  INFO 38780 --- [social-coordination-platform] [nio-8080-exec-4] com.app.localgroup.auth.AuthService      : DEMO MODE - OTP GENERATED
2026-07-14T17:01:30.272+05:30  INFO 38780 --- [social-coordination-platform] [nio-8080-exec-4] com.app.localgroup.auth.AuthService      : Email: a1@gmail.com
2026-07-14T17:01:30.272+05:30  INFO 38780 --- [social-coordination-platform] [nio-8080-exec-4] com.app.localgroup.auth.AuthService      : Phone: 9638527418
2026-07-14T17:01:30.272+05:30  INFO 38780 --- [social-coordination-platform] [nio-8080-exec-4] com.app.localgroup.auth.AuthService      : OTP: 225192
2026-07-14T17:01:30.272+05:30  INFO 38780 --- [social-coordination-platform] [nio-8080-exec-4] com.app.localgroup.auth.AuthService      : ===============================================================
2026-07-14T17:01:35.927+05:30  INFO 38780 --- [social-coordination-platform] [nio-8080-exec-6] com.app.localgroup.auth.AuthService      : Existing user verified: a1@gmail.com
2026-07-14T17:01:35.928+05:30  INFO 38780 --- [social-coordination-platform] [nio-8080-exec-6] com.app.localgroup.auth.AuthService      : JWT issued successfully for user: a1@gmail.com
2026-07-14T17:06:59.584+05:30  INFO 38780 --- [social-coordination-platform] [nio-8080-exec-8] com.app.localgroup.auth.AuthService      : ===============================================================
2026-07-14T17:06:59.586+05:30  INFO 38780 --- [social-coordination-platform] [nio-8080-exec-8] com.app.localgroup.auth.AuthService      : DEMO MODE - OTP GENERATED FOR MOCK ACCOUNT
2026-07-14T17:06:59.586+05:30  INFO 38780 --- [social-coordination-platform] [nio-8080-exec-8] com.app.localgroup.auth.AuthService      : Email: mock@sca.com
2026-07-14T17:06:59.586+05:30  INFO 38780 --- [social-coordination-platform] [nio-8080-exec-8] com.app.localgroup.auth.AuthService      : Phone: 9999999999
2026-07-14T17:06:59.586+05:30  INFO 38780 --- [social-coordination-platform] [nio-8080-exec-8] com.app.localgroup.auth.AuthService      : OTP: 000000
2026-07-14T17:06:59.586+05:30  INFO 38780 --- [social-coordination-platform] [nio-8080-exec-8] com.app.localgroup.auth.AuthService      : ===============================================================
2026-07-14T17:07:04.868+05:30  INFO 38780 --- [social-coordination-platform] [nio-8080-exec-4] com.app.localgroup.auth.AuthService      : DEMO: OTP verified for mock account
2026-07-14T17:07:04.870+05:30  INFO 38780 --- [social-coordination-platform] [nio-8080-exec-4] com.app.localgroup.auth.AuthService      : DEMO: Mock account authenticated
2026-07-14T17:07:04.872+05:30  INFO 38780 --- [social-coordination-platform] [nio-8080-exec-4] com.app.localgroup.auth.AuthService      : JWT issued successfully for user: mock@sca.com
2026-07-14T17:09:00.434+05:30  INFO 38780 --- [social-coordination-platform] [nio-8080-exec-5] com.app.localgroup.auth.AuthService      : ===============================================================
2026-07-14T17:09:00.436+05:30  INFO 38780 --- [social-coordination-platform] [nio-8080-exec-5] com.app.localgroup.auth.AuthService      : DEMO MODE - OTP GENERATED FOR MOCK ACCOUNT
2026-07-14T17:09:00.436+05:30  INFO 38780 --- [social-coordination-platform] [nio-8080-exec-5] com.app.localgroup.auth.AuthService      : Email: mock@sca.com
2026-07-14T17:09:00.436+05:30  INFO 38780 --- [social-coordination-platform] [nio-8080-exec-5] com.app.localgroup.auth.AuthService      : Phone: 9999999999
2026-07-14T17:09:00.436+05:30  INFO 38780 --- [social-coordination-platform] [nio-8080-exec-5] com.app.localgroup.auth.AuthService      : OTP: 000000
2026-07-14T17:09:00.436+05:30  INFO 38780 --- [social-coordination-platform] [nio-8080-exec-5] com.app.localgroup.auth.AuthService      : ===============================================================
2026-07-14T17:09:05.001+05:30  INFO 38780 --- [social-coordination-platform] [nio-8080-exec-7] com.app.localgroup.auth.AuthService      : DEMO: OTP verified for mock account
2026-07-14T17:09:05.004+05:30  INFO 38780 --- [social-coordination-platform] [nio-8080-exec-7] com.app.localgroup.auth.AuthService      : DEMO: Mock account authenticated
2026-07-14T17:09:05.005+05:30  INFO 38780 --- [social-coordination-platform] [nio-8080-exec-7] com.app.localgroup.auth.AuthService      : JWT issued successfully for user: mock@sca.com
2026-07-14T17:09:56.944+05:30  WARN 38780 --- [social-coordination-platform] [nio-8080-exec-2] c.a.l.common.GlobalExceptionHandler      : Bad request: Creator has maximum allowed active groups
2026-07-14T17:10:46.402+05:30  INFO 38780 --- [social-coordination-platform] [nio-8080-exec-5] com.app.localgroup.auth.AuthService      : ===============================================================
2026-07-14T17:10:46.403+05:30  INFO 38780 --- [social-coordination-platform] [nio-8080-exec-5] com.app.localgroup.auth.AuthService      : DEMO MODE - OTP GENERATED
2026-07-14T17:10:46.403+05:30  INFO 38780 --- [social-coordination-platform] [nio-8080-exec-5] com.app.localgroup.auth.AuthService      : Email: c1@gmail.coom
2026-07-14T17:10:46.403+05:30  INFO 38780 --- [social-coordination-platform] [nio-8080-exec-5] com.app.localgroup.auth.AuthService      : Phone: 9638527416
2026-07-14T17:10:46.403+05:30  INFO 38780 --- [social-coordination-platform] [nio-8080-exec-5] com.app.localgroup.auth.AuthService      : OTP: 172930
2026-07-14T17:10:46.403+05:30  INFO 38780 --- [social-coordination-platform] [nio-8080-exec-5] com.app.localgroup.auth.AuthService      : ===============================================================
2026-07-14T17:10:52.019+05:30  INFO 38780 --- [social-coordination-platform] [nio-8080-exec-7] com.app.localgroup.auth.AuthService      : Existing user verified: c1@gmail.coom
2026-07-14T17:10:52.021+05:30  INFO 38780 --- [social-coordination-platform] [nio-8080-exec-7] com.app.localgroup.auth.AuthService      : JWT issued successfully for user: c1@gmail.coom
2026-07-14T17:12:40.064+05:30  INFO 38780 --- [social-coordination-platform] [MessageBroker-1] o.s.w.s.c.WebSocketMessageBrokerStats    : WebSocketSession[1 current WS(1)-HttpStream(0)-HttpPoll(0), 1 total, 0 closed abnormally (0 connect failure, 0 send limit, 0 transport error)], stompSubProtocol[processed CONNECT(1)-CONNECTED(1)-DISCONNECT(0)], stompBrokerRelay[null], inboundChannel[pool size = 0, active threads = 0, queued tasks = 0, completed tasks = 15], outboundChannel[pool size = 0, active threads = 0, queued tasks = 0, completed tasks = 1], sockJsScheduler[pool size = 10, active threads = 1, queued tasks = 3, completed tasks = 369]
2026-07-14T17:42:40.035+05:30  INFO 38780 --- [social-coordination-platform] [MessageBroker-2] o.s.w.s.c.WebSocketMessageBrokerStats    : WebSocketSession[1 current WS(1)-HttpStream(0)-HttpPoll(0), 1 total, 0 closed abnormally (0 connect failure, 0 send limit, 0 transport error)], stompSubProtocol[processed CONNECT(1)-CONNECTED(1)-DISCONNECT(0)], stompBrokerRelay[null], inboundChannel[pool size = 0, active threads = 0, queued tasks = 0, completed tasks = 15], outboundChannel[pool size = 0, active threads = 0, queued tasks = 0, completed tasks = 1], sockJsScheduler[pool size = 10, active threads = 1, queued tasks = 3, completed tasks = 832]
2026-07-14T18:12:40.063+05:30  INFO 38780 --- [social-coordination-platform] [MessageBroker-3] o.s.w.s.c.WebSocketMessageBrokerStats    : WebSocketSession[1 current WS(1)-HttpStream(0)-HttpPoll(0), 1 total, 0 closed abnormally (0 connect failure, 0 send limit, 0 transport error)], stompSubProtocol[processed CONNECT(1)-CONNECTED(1)-DISCONNECT(0)], stompBrokerRelay[null], inboundChannel[pool size = 0, active threads = 0, queued tasks = 0, completed tasks = 15], outboundChannel[pool size = 0, active threads = 0, queued tasks = 0, completed tasks = 1], sockJsScheduler[pool size = 10, active threads = 1, queued tasks = 3, completed tasks = 1295]
2026-07-14T18:15:19.982+05:30  INFO 38780 --- [social-coordination-platform] [nio-8080-exec-3] c.app.localgroup.chat.ChatEventListener  : WebSocket disconnect - userId=null groupId=null
2026-07-14T18:15:20.142+05:30  WARN 38780 --- [social-coordination-platform] [nio-8080-exec-9] c.a.l.c.jwt.JwtAuthenticationFilter      : JWT validation failed: JWT expired at 2026-07-14T12:40:52Z. Current time: 2026-07-14T12:45:20Z, a difference of 268141 milliseconds.  Allowed clock skew: 0 milliseconds.
2026-07-14T18:15:20.144+05:30  WARN 38780 --- [social-coordination-platform] [io-8080-exec-10] c.a.l.c.jwt.JwtAuthenticationFilter      : JWT validation failed: JWT expired at 2026-07-14T12:40:52Z. Current time: 2026-07-14T12:45:20Z, a difference of 268144 milliseconds.  Allowed clock skew: 0 milliseconds.
2026-07-14T18:45:11.332+05:30  INFO 38780 --- [social-coordination-platform] [MessageBroker-8] o.s.w.s.c.WebSocketMessageBrokerStats    : WebSocketSession[0 current WS(0)-HttpStream(0)-HttpPoll(0), 1 total, 0 closed abnormally (0 connect failure, 0 send limit, 1 transport error)], stompSubProtocol[processed CONNECT(1)-CONNECTED(1)-DISCONNECT(0)], stompBrokerRelay[null], inboundChannel[pool size = 0, active threads = 0, queued tasks = 0, completed tasks = 18], outboundChannel[pool size = 0, active threads = 0, queued tasks = 0, completed tasks = 2], sockJsScheduler[pool size = 10, active threads = 1, queued tasks = 2, completed tasks = 1692]
2026-07-14T19:15:11.329+05:30  INFO 38780 --- [social-coordination-platform] [MessageBroker-9] o.s.w.s.c.WebSocketMessageBrokerStats    : WebSocketSession[0 current WS(0)-HttpStream(0)-HttpPoll(0), 1 total, 0 closed abnormally (0 connect failure, 0 send limit, 1 transport error)], stompSubProtocol[processed CONNECT(1)-CONNECTED(1)-DISCONNECT(0)], stompBrokerRelay[null], inboundChannel[pool size = 0, active threads = 0, queued tasks = 0, completed tasks = 18], outboundChannel[pool size = 0, active threads = 0, queued tasks = 0, completed tasks = 2], sockJsScheduler[pool size = 10, active threads = 1, queued tasks = 2, completed tasks = 2083]
2026-07-14T19:45:11.296+05:30  INFO 38780 --- [social-coordination-platform] [MessageBroker-6] o.s.w.s.c.WebSocketMessageBrokerStats    : WebSocketSession[0 current WS(0)-HttpStream(0)-HttpPoll(0), 1 total, 0 closed abnormally (0 connect failure, 0 send limit, 1 transport error)], stompSubProtocol[processed CONNECT(1)-CONNECTED(1)-DISCONNECT(0)], stompBrokerRelay[null], inboundChannel[pool size = 0, active threads = 0, queued tasks = 0, completed tasks = 18], outboundChannel[pool size = 0, active threads = 0, queued tasks = 0, completed tasks = 2], sockJsScheduler[pool size = 10, active threads = 1, queued tasks = 2, completed tasks = 2474]
2026-07-14T20:15:11.296+05:30  INFO 38780 --- [social-coordination-platform] [MessageBroker-9] o.s.w.s.c.WebSocketMessageBrokerStats    : WebSocketSession[0 current WS(0)-HttpStream(0)-HttpPoll(0), 1 total, 0 closed abnormally (0 connect failure, 0 send limit, 1 transport error)], stompSubProtocol[processed CONNECT(1)-CONNECTED(1)-DISCONNECT(0)], stompBrokerRelay[null], inboundChannel[pool size = 0, active threads = 0, queued tasks = 0, completed tasks = 18], outboundChannel[pool size = 0, active threads = 0, queued tasks = 0, completed tasks = 2], sockJsScheduler[pool size = 10, active threads = 1, queued tasks = 2, completed tasks = 2865]
2026-07-14T20:45:11.292+05:30  INFO 38780 --- [social-coordination-platform] [MessageBroker-8] o.s.w.s.c.WebSocketMessageBrokerStats    : WebSocketSession[0 current WS(0)-HttpStream(0)-HttpPoll(0), 1 total, 0 closed abnormally (0 connect failure, 0 send limit, 1 transport error)], stompSubProtocol[processed CONNECT(1)-CONNECTED(1)-DISCONNECT(0)], stompBrokerRelay[null], inboundChannel[pool size = 0, active threads = 0, queued tasks = 0, completed tasks = 18], outboundChannel[pool size = 0, active threads = 0, queued tasks = 0, completed tasks = 2], sockJsScheduler[pool size = 10, active threads = 1, queued tasks = 2, completed tasks = 3256]
2026-07-14T21:20:41.809+05:30  INFO 38780 --- [social-coordination-platform] [MessageBroker-6] o.s.w.s.c.WebSocketMessageBrokerStats    : WebSocketSession[0 current WS(0)-HttpStream(0)-HttpPoll(0), 1 total, 0 closed abnormally (0 connect failure, 0 send limit, 1 transport error)], stompSubProtocol[processed CONNECT(1)-CONNECTED(1)-DISCONNECT(0)], stompBrokerRelay[null], inboundChannel[pool size = 0, active threads = 0, queued tasks = 0, completed tasks = 18], outboundChannel[pool size = 0, active threads = 0, queued tasks = 0, completed tasks = 2], sockJsScheduler[pool size = 10, active threads = 1, queued tasks = 2, completed tasks = 3647]
2026-07-14T21:50:41.848+05:30  INFO 38780 --- [social-coordination-platform] [MessageBroker-6] o.s.w.s.c.WebSocketMessageBrokerStats    : WebSocketSession[0 current WS(0)-HttpStream(0)-HttpPoll(0), 1 total, 0 closed abnormally (0 connect failure, 0 send limit, 1 transport error)], stompSubProtocol[processed CONNECT(1)-CONNECTED(1)-DISCONNECT(0)], stompBrokerRelay[null], inboundChannel[pool size = 0, active threads = 0, queued tasks = 0, completed tasks = 18], outboundChannel[pool size = 0, active threads = 0, queued tasks = 0, completed tasks = 2], sockJsScheduler[pool size = 10, active threads = 1, queued tasks = 2, completed tasks = 4038]
2026-07-14T22:20:41.760+05:30  INFO 38780 --- [social-coordination-platform] [MessageBroker-5] o.s.w.s.c.WebSocketMessageBrokerStats    : WebSocketSession[0 current WS(0)-HttpStream(0)-HttpPoll(0), 1 total, 0 closed abnormally (0 connect failure, 0 send limit, 1 transport error)], stompSubProtocol[processed CONNECT(1)-CONNECTED(1)-DISCONNECT(0)], stompBrokerRelay[null], inboundChannel[pool size = 0, active threads = 0, queued tasks = 0, completed tasks = 18], outboundChannel[pool size = 0, active threads = 0, queued tasks = 0, completed tasks = 2], sockJsScheduler[pool size = 10, active threads = 1, queued tasks = 2, completed tasks = 4429]
2026-07-14T22:50:41.874+05:30  INFO 38780 --- [social-coordination-platform] [MessageBroker-1] o.s.w.s.c.WebSocketMessageBrokerStats    : WebSocketSession[0 current WS(0)-HttpStream(0)-HttpPoll(0), 1 total, 0 closed abnormally (0 connect failure, 0 send limit, 1 transport error)], stompSubProtocol[processed CONNECT(1)-CONNECTED(1)-DISCONNECT(0)], stompBrokerRelay[null], inboundChannel[pool size = 0, active threads = 0, queued tasks = 0, completed tasks = 18], outboundChannel[pool size = 0, active threads = 0, queued tasks = 0, completed tasks = 2], sockJsScheduler[pool size = 10, active threads = 1, queued tasks = 2, completed tasks = 4820]
2026-07-15T09:40:28.174+05:30  INFO 38780 --- [social-coordination-platform] [MessageBroker-3] o.s.w.s.c.WebSocketMessageBrokerStats    : WebSocketSession[0 current WS(0)-HttpStream(0)-HttpPoll(0), 1 total, 0 closed abnormally (0 connect failure, 0 send limit, 1 transport error)], stompSubProtocol[processed CONNECT(1)-CONNECTED(1)-DISCONNECT(0)], stompBrokerRelay[null], inboundChannel[pool size = 0, active threads = 0, queued tasks = 0, completed tasks = 18], outboundChannel[pool size = 0, active threads = 0, queued tasks = 0, completed tasks = 2], sockJsScheduler[pool size = 10, active threads = 1, queued tasks = 2, completed tasks = 5211]
2026-07-15T10:33:00.545+05:30  INFO 38780 --- [social-coordination-platform] [MessageBroker-4] o.s.w.s.c.WebSocketMessageBrokerStats    : WebSocketSession[0 current WS(0)-HttpStream(0)-HttpPoll(0), 1 total, 0 closed abnormally (0 connect failure, 0 send limit, 1 transport error)], stompSubProtocol[processed CONNECT(1)-CONNECTED(1)-DISCONNECT(0)], stompBrokerRelay[null], inboundChannel[pool size = 0, active threads = 0, queued tasks = 0, completed tasks = 18], outboundChannel[pool size = 0, active threads = 0, queued tasks = 0, completed tasks = 2], sockJsScheduler[pool size = 10, active threads = 1, queued tasks = 2, completed tasks = 5602]
2026-07-15T11:16:15.288+05:30  INFO 38780 --- [social-coordination-platform] [MessageBroker-9] o.s.w.s.c.WebSocketMessageBrokerStats    : WebSocketSession[0 current WS(0)-HttpStream(0)-HttpPoll(0), 1 total, 0 closed abnormally (0 connect failure, 0 send limit, 1 transport error)], stompSubProtocol[processed CONNECT(1)-CONNECTED(1)-DISCONNECT(0)], stompBrokerRelay[null], inboundChannel[pool size = 0, active threads = 0, queued tasks = 0, completed tasks = 18], outboundChannel[pool size = 0, active threads = 0, queued tasks = 0, completed tasks = 2], sockJsScheduler[pool size = 10, active threads = 1, queued tasks = 2, completed tasks = 5993]
2026-07-15T11:54:32.169+05:30  INFO 38780 --- [social-coordination-platform] [MessageBroker-1] o.s.w.s.c.WebSocketMessageBrokerStats    : WebSocketSession[0 current WS(0)-HttpStream(0)-HttpPoll(0), 1 total, 0 closed abnormally (0 connect failure, 0 send limit, 1 transport error)], stompSubProtocol[processed CONNECT(1)-CONNECTED(1)-DISCONNECT(0)], stompBrokerRelay[null], inboundChannel[pool size = 0, active threads = 0, queued tasks = 0, completed tasks = 18], outboundChannel[pool size = 0, active threads = 0, queued tasks = 0, completed tasks = 2], sockJsScheduler[pool size = 10, active threads = 1, queued tasks = 2, completed tasks = 6384]
2026-07-15T12:24:32.184+05:30  INFO 38780 --- [social-coordination-platform] [MessageBroker-1] o.s.w.s.c.WebSocketMessageBrokerStats    : WebSocketSession[0 current WS(0)-HttpStream(0)-HttpPoll(0), 1 total, 0 closed abnormally (0 connect failure, 0 send limit, 1 transport error)], stompSubProtocol[processed CONNECT(1)-CONNECTED(1)-DISCONNECT(0)], stompBrokerRelay[null], inboundChannel[pool size = 0, active threads = 0, queued tasks = 0, completed tasks = 18], outboundChannel[pool size = 0, active threads = 0, queued tasks = 0, completed tasks = 2], sockJsScheduler[pool size = 10, active threads = 1, queued tasks = 2, completed tasks = 6775]
2026-07-15T12:54:32.133+05:30  INFO 38780 --- [social-coordination-platform] [MessageBroker-2] o.s.w.s.c.WebSocketMessageBrokerStats    : WebSocketSession[0 current WS(0)-HttpStream(0)-HttpPoll(0), 1 total, 0 closed abnormally (0 connect failure, 0 send limit, 1 transport error)], stompSubProtocol[processed CONNECT(1)-CONNECTED(1)-DISCONNECT(0)], stompBrokerRelay[null], inboundChannel[pool size = 0, active threads = 0, queued tasks = 0, completed tasks = 18], outboundChannel[pool size = 0, active threads = 0, queued tasks = 0, completed tasks = 2], sockJsScheduler[pool size = 10, active threads = 1, queued tasks = 2, completed tasks = 7166]
2026-07-15T13:24:32.145+05:30  INFO 38780 --- [social-coordination-platform] [MessageBroker-4] o.s.w.s.c.WebSocketMessageBrokerStats    : WebSocketSession[0 current WS(0)-HttpStream(0)-HttpPoll(0), 1 total, 0 closed abnormally (0 connect failure, 0 send limit, 1 transport error)], stompSubProtocol[processed CONNECT(1)-CONNECTED(1)-DISCONNECT(0)], stompBrokerRelay[null], inboundChannel[pool size = 0, active threads = 0, queued tasks = 0, completed tasks = 18], outboundChannel[pool size = 0, active threads = 0, queued tasks = 0, completed tasks = 2], sockJsScheduler[pool size = 10, active threads = 1, queued tasks = 2, completed tasks = 7557]
2026-07-15T14:00:31.119+05:30  INFO 38780 --- [social-coordination-platform] [MessageBroker-5] o.s.w.s.c.WebSocketMessageBrokerStats    : WebSocketSession[0 current WS(0)-HttpStream(0)-HttpPoll(0), 1 total, 0 closed abnormally (0 connect failure, 0 send limit, 1 transport error)], stompSubProtocol[processed CONNECT(1)-CONNECTED(1)-DISCONNECT(0)], stompBrokerRelay[null], inboundChannel[pool size = 0, active threads = 0, queued tasks = 0, completed tasks = 18], outboundChannel[pool size = 0, active threads = 0, queued tasks = 0, completed tasks = 2], sockJsScheduler[pool size = 10, active threads = 1, queued tasks = 2, completed tasks = 7948]
2026-07-15T14:36:01.319+05:30  INFO 38780 --- [social-coordination-platform] [MessageBroker-5] o.s.w.s.c.WebSocketMessageBrokerStats    : WebSocketSession[0 current WS(0)-HttpStream(0)-HttpPoll(0), 1 total, 0 closed abnormally (0 connect failure, 0 send limit, 1 transport error)], stompSubProtocol[processed CONNECT(1)-CONNECTED(1)-DISCONNECT(0)], stompBrokerRelay[null], inboundChannel[pool size = 0, active threads = 0, queued tasks = 0, completed tasks = 18], outboundChannel[pool size = 0, active threads = 0, queued tasks = 0, completed tasks = 2], sockJsScheduler[pool size = 10, active threads = 1, queued tasks = 2, completed tasks = 8339]
2026-07-15T16:34:23.884+05:30  INFO 38780 --- [social-coordination-platform] [MessageBroker-5] o.s.w.s.c.WebSocketMessageBrokerStats    : WebSocketSession[0 current WS(0)-HttpStream(0)-HttpPoll(0), 1 total, 0 closed abnormally (0 connect failure, 0 send limit, 1 transport error)], stompSubProtocol[processed CONNECT(1)-CONNECTED(1)-DISCONNECT(0)], stompBrokerRelay[null], inboundChannel[pool size = 0, active threads = 0, queued tasks = 0, completed tasks = 18], outboundChannel[pool size = 0, active threads = 0, queued tasks = 0, completed tasks = 2], sockJsScheduler[pool size = 10, active threads = 1, queued tasks = 2, completed tasks = 8730]
2026-07-15T16:57:30.502+05:30  INFO 38780 --- [social-coordination-platform] [MessageBroker-3] c.a.l.group.GroupLifecycleScheduler      : Group 6a561bca9db4b4f5d9cb08ab transitioned JOINABLE->CONFIRMATION
2026-07-15T16:57:30.532+05:30  INFO 38780 --- [social-coordination-platform] [MessageBroker-3] c.a.l.group.GroupLifecycleScheduler      : Group 6a561a939db4b4f5d9cb08a7 transitioned CONFIRMATION->ACTIVE
2026-07-15T16:57:30.534+05:30  INFO 38780 --- [social-coordination-platform] [MessageBroker-3] c.a.l.group.GroupLifecycleScheduler      : Group 6a561a939db4b4f5d9cb08a9 transitioned CONFIRMATION->ACTIVE
2026-07-15T17:19:34.054+05:30  INFO 38780 --- [social-coordination-platform] [MessageBroker-1] c.a.l.group.GroupLifecycleScheduler      : Group 6a561a939db4b4f5d9cb08a7 transitioned ACTIVE->EXPIRED
2026-07-15T17:19:34.058+05:30  INFO 38780 --- [social-coordination-platform] [MessageBroker-1] c.a.l.group.GroupLifecycleScheduler      : Group 6a561a939db4b4f5d9cb08a9 transitioned ACTIVE->EXPIRED
2026-07-15T19:14:48.129+05:30  INFO 38780 --- [social-coordination-platform] [MessageBroker-7] o.s.w.s.c.WebSocketMessageBrokerStats    : WebSocketSession[0 current WS(0)-HttpStream(0)-HttpPoll(0), 1 total, 0 closed abnormally (0 connect failure, 0 send limit, 1 transport error)], stompSubProtocol[processed CONNECT(1)-CONNECTED(1)-DISCONNECT(0)], stompBrokerRelay[null], inboundChannel[pool size = 0, active threads = 0, queued tasks = 0, completed tasks = 18], outboundChannel[pool size = 0, active threads = 0, queued tasks = 0, completed tasks = 2], sockJsScheduler[pool size = 10, active threads = 1, queued tasks = 2, completed tasks = 9121]
2026-07-15T19:44:48.112+05:30  INFO 38780 --- [social-coordination-platform] [MessageBroker-7] o.s.w.s.c.WebSocketMessageBrokerStats    : WebSocketSession[0 current WS(0)-HttpStream(0)-HttpPoll(0), 1 total, 0 closed abnormally (0 connect failure, 0 send limit, 1 transport error)], stompSubProtocol[processed CONNECT(1)-CONNECTED(1)-DISCONNECT(0)], stompBrokerRelay[null], inboundChannel[pool size = 0, active threads = 0, queued tasks = 0, completed tasks = 18], outboundChannel[pool size = 0, active threads = 0, queued tasks = 0, completed tasks = 2], sockJsScheduler[pool size = 10, active threads = 1, queued tasks = 2, completed tasks = 9512]
2026-07-15T20:30:47.047+05:30  INFO 38780 --- [social-coordination-platform] [MessageBroker-7] o.s.w.s.c.WebSocketMessageBrokerStats    : WebSocketSession[0 current WS(0)-HttpStream(0)-HttpPoll(0), 1 total, 0 closed abnormally (0 connect failure, 0 send limit, 1 transport error)], stompSubProtocol[processed CONNECT(1)-CONNECTED(1)-DISCONNECT(0)], stompBrokerRelay[null], inboundChannel[pool size = 0, active threads = 0, queued tasks = 0, completed tasks = 18], outboundChannel[pool size = 0, active threads = 0, queued tasks = 0, completed tasks = 2], sockJsScheduler[pool size = 10, active threads = 1, queued tasks = 2, completed tasks = 9903]
2026-07-15T21:00:47.049+05:30  INFO 38780 --- [social-coordination-platform] [MessageBroker-2] o.s.w.s.c.WebSocketMessageBrokerStats    : WebSocketSession[0 current WS(0)-HttpStream(0)-HttpPoll(0), 1 total, 0 closed abnormally (0 connect failure, 0 send limit, 1 transport error)], stompSubProtocol[processed CONNECT(1)-CONNECTED(1)-DISCONNECT(0)], stompBrokerRelay[null], inboundChannel[pool size = 0, active threads = 0, queued tasks = 0, completed tasks = 18], outboundChannel[pool size = 0, active threads = 0, queued tasks = 0, completed tasks = 2], sockJsScheduler[pool size = 10, active threads = 1, queued tasks = 2, completed tasks = 10294]
2026-07-15T22:07:41.890+05:30  INFO 38780 --- [social-coordination-platform] [MessageBroker-2] o.s.w.s.c.WebSocketMessageBrokerStats    : WebSocketSession[0 current WS(0)-HttpStream(0)-HttpPoll(0), 1 total, 0 closed abnormally (0 connect failure, 0 send limit, 1 transport error)], stompSubProtocol[processed CONNECT(1)-CONNECTED(1)-DISCONNECT(0)], stompBrokerRelay[null], inboundChannel[pool size = 0, active threads = 0, queued tasks = 0, completed tasks = 18], outboundChannel[pool size = 0, active threads = 0, queued tasks = 0, completed tasks = 2], sockJsScheduler[pool size = 10, active threads = 1, queued tasks = 2, completed tasks = 10685]
2026-07-15T23:53:49.512+05:30  INFO 38780 --- [social-coordination-platform] [MessageBroker-7] o.s.w.s.c.WebSocketMessageBrokerStats    : WebSocketSession[0 current WS(0)-HttpStream(0)-HttpPoll(0), 1 total, 0 closed abnormally (0 connect failure, 0 send limit, 1 transport error)], stompSubProtocol[processed CONNECT(1)-CONNECTED(1)-DISCONNECT(0)], stompBrokerRelay[null], inboundChannel[pool size = 0, active threads = 0, queued tasks = 0, completed tasks = 18], outboundChannel[pool size = 0, active threads = 0, queued tasks = 0, completed tasks = 2], sockJsScheduler[pool size = 10, active threads = 1, queued tasks = 2, completed tasks = 11076]
2026-07-16T00:23:49.524+05:30  INFO 38780 --- [social-coordination-platform] [MessageBroker-4] o.s.w.s.c.WebSocketMessageBrokerStats    : WebSocketSession[0 current WS(0)-HttpStream(0)-HttpPoll(0), 1 total, 0 closed abnormally (0 connect failure, 0 send limit, 1 transport error)], stompSubProtocol[processed CONNECT(1)-CONNECTED(1)-DISCONNECT(0)], stompBrokerRelay[null], inboundChannel[pool size = 0, active threads = 0, queued tasks = 0, completed tasks = 18], outboundChannel[pool size = 0, active threads = 0, queued tasks = 0, completed tasks = 2], sockJsScheduler[pool size = 10, active threads = 1, queued tasks = 2, completed tasks = 11467]
2026-07-16T00:53:49.508+05:30  INFO 38780 --- [social-coordination-platform] [MessageBroker-1] o.s.w.s.c.WebSocketMessageBrokerStats    : WebSocketSession[0 current WS(0)-HttpStream(0)-HttpPoll(0), 1 total, 0 closed abnormally (0 connect failure, 0 send limit, 1 transport error)], stompSubProtocol[processed CONNECT(1)-CONNECTED(1)-DISCONNECT(0)], stompBrokerRelay[null], inboundChannel[pool size = 0, active threads = 0, queued tasks = 0, completed tasks = 18], outboundChannel[pool size = 0, active threads = 0, queued tasks = 0, completed tasks = 2], sockJsScheduler[pool size = 10, active threads = 1, queued tasks = 2, completed tasks = 11858]
2026-07-16T01:24:46.006+05:30  INFO 38780 --- [social-coordination-platform] [MessageBroker-3] o.s.w.s.c.WebSocketMessageBrokerStats    : WebSocketSession[0 current WS(0)-HttpStream(0)-HttpPoll(0), 1 total, 0 closed abnormally (0 connect failure, 0 send limit, 1 transport error)], stompSubProtocol[processed CONNECT(1)-CONNECTED(1)-DISCONNECT(0)], stompBrokerRelay[null], inboundChannel[pool size = 0, active threads = 0, queued tasks = 0, completed tasks = 18], outboundChannel[pool size = 0, active threads = 0, queued tasks = 0, completed tasks = 2], sockJsScheduler[pool size = 10, active threads = 1, queued tasks = 2, completed tasks = 12249]
2026-07-16T09:14:07.672+05:30  INFO 38780 --- [social-coordination-platform] [MessageBroker-6] o.s.w.s.c.WebSocketMessageBrokerStats    : WebSocketSession[0 current WS(0)-HttpStream(0)-HttpPoll(0), 1 total, 0 closed abnormally (0 connect failure, 0 send limit, 1 transport error)], stompSubProtocol[processed CONNECT(1)-CONNECTED(1)-DISCONNECT(0)], stompBrokerRelay[null], inboundChannel[pool size = 0, active threads = 0, queued tasks = 0, completed tasks = 18], outboundChannel[pool size = 0, active threads = 0, queued tasks = 0, completed tasks = 2], sockJsScheduler[pool size = 10, active threads = 1, queued tasks = 2, completed tasks = 12640]
2026-07-16T09:51:16.563+05:30  INFO 38780 --- [social-coordination-platform] [MessageBroker-7] o.s.w.s.c.WebSocketMessageBrokerStats    : WebSocketSession[0 current WS(0)-HttpStream(0)-HttpPoll(0), 1 total, 0 closed abnormally (0 connect failure, 0 send limit, 1 transport error)], stompSubProtocol[processed CONNECT(1)-CONNECTED(1)-DISCONNECT(0)], stompBrokerRelay[null], inboundChannel[pool size = 0, active threads = 0, queued tasks = 0, completed tasks = 18], outboundChannel[pool size = 0, active threads = 0, queued tasks = 0, completed tasks = 2], sockJsScheduler[pool size = 10, active threads = 1, queued tasks = 2, completed tasks = 13031]
2026-07-16T10:21:16.529+05:30  INFO 38780 --- [social-coordination-platform] [MessageBroker-9] o.s.w.s.c.WebSocketMessageBrokerStats    : WebSocketSession[0 current WS(0)-HttpStream(0)-HttpPoll(0), 1 total, 0 closed abnormally (0 connect failure, 0 send limit, 1 transport error)], stompSubProtocol[processed CONNECT(1)-CONNECTED(1)-DISCONNECT(0)], stompBrokerRelay[null], inboundChannel[pool size = 0, active threads = 0, queued tasks = 0, completed tasks = 18], outboundChannel[pool size = 0, active threads = 0, queued tasks = 0, completed tasks = 2], sockJsScheduler[pool size = 10, active threads = 1, queued tasks = 2, completed tasks = 13422]
2026-07-16T11:05:50.100+05:30  INFO 38780 --- [social-coordination-platform] [MessageBroker-6] o.s.w.s.c.WebSocketMessageBrokerStats    : WebSocketSession[0 current WS(0)-HttpStream(0)-HttpPoll(0), 1 total, 0 closed abnormally (0 connect failure, 0 send limit, 1 transport error)], stompSubProtocol[processed CONNECT(1)-CONNECTED(1)-DISCONNECT(0)], stompBrokerRelay[null], inboundChannel[pool size = 0, active threads = 0, queued tasks = 0, completed tasks = 18], outboundChannel[pool size = 0, active threads = 0, queued tasks = 0, completed tasks = 2], sockJsScheduler[pool size = 10, active threads = 1, queued tasks = 2, completed tasks = 13813]
2026-07-16T11:35:50.136+05:30  INFO 38780 --- [social-coordination-platform] [MessageBroker-8] o.s.w.s.c.WebSocketMessageBrokerStats    : WebSocketSession[0 current WS(0)-HttpStream(0)-HttpPoll(0), 1 total, 0 closed abnormally (0 connect failure, 0 send limit, 1 transport error)], stompSubProtocol[processed CONNECT(1)-CONNECTED(1)-DISCONNECT(0)], stompBrokerRelay[null], inboundChannel[pool size = 0, active threads = 0, queued tasks = 0, completed tasks = 18], outboundChannel[pool size = 0, active threads = 0, queued tasks = 0, completed tasks = 2], sockJsScheduler[pool size = 10, active threads = 1, queued tasks = 2, completed tasks = 14204]
2026-07-16T12:05:50.120+05:30  INFO 38780 --- [social-coordination-platform] [MessageBroker-3] o.s.w.s.c.WebSocketMessageBrokerStats    : WebSocketSession[0 current WS(0)-HttpStream(0)-HttpPoll(0), 1 total, 0 closed abnormally (0 connect failure, 0 send limit, 1 transport error)], stompSubProtocol[processed CONNECT(1)-CONNECTED(1)-DISCONNECT(0)], stompBrokerRelay[null], inboundChannel[pool size = 0, active threads = 0, queued tasks = 0, completed tasks = 18], outboundChannel[pool size = 0, active threads = 0, queued tasks = 0, completed tasks = 2], sockJsScheduler[pool size = 10, active threads = 1, queued tasks = 2, completed tasks = 14595]
2026-07-16T13:03:06.543+05:30  INFO 38780 --- [social-coordination-platform] [essageBroker-10] o.s.w.s.c.WebSocketMessageBrokerStats    : WebSocketSession[0 current WS(0)-HttpStream(0)-HttpPoll(0), 1 total, 0 closed abnormally (0 connect failure, 0 send limit, 1 transport error)], stompSubProtocol[processed CONNECT(1)-CONNECTED(1)-DISCONNECT(0)], stompBrokerRelay[null], inboundChannel[pool size = 0, active threads = 0, queued tasks = 0, completed tasks = 18], outboundChannel[pool size = 0, active threads = 0, queued tasks = 0, completed tasks = 2], sockJsScheduler[pool size = 10, active threads = 1, queued tasks = 2, completed tasks = 14986]
2026-07-16T13:33:06.531+05:30  INFO 38780 --- [social-coordination-platform] [MessageBroker-3] o.s.w.s.c.WebSocketMessageBrokerStats    : WebSocketSession[0 current WS(0)-HttpStream(0)-HttpPoll(0), 1 total, 0 closed abnormally (0 connect failure, 0 send limit, 1 transport error)], stompSubProtocol[processed CONNECT(1)-CONNECTED(1)-DISCONNECT(0)], stompBrokerRelay[null], inboundChannel[pool size = 0, active threads = 0, queued tasks = 0, completed tasks = 18], outboundChannel[pool size = 0, active threads = 0, queued tasks = 0, completed tasks = 2], sockJsScheduler[pool size = 10, active threads = 1, queued tasks = 2, completed tasks = 15377]
2026-07-16T14:08:10.138+05:30  INFO 38780 --- [social-coordination-platform] [MessageBroker-6] o.s.w.s.c.WebSocketMessageBrokerStats    : WebSocketSession[0 current WS(0)-HttpStream(0)-HttpPoll(0), 1 total, 0 closed abnormally (0 connect failure, 0 send limit, 1 transport error)], stompSubProtocol[processed CONNECT(1)-CONNECTED(1)-DISCONNECT(0)], stompBrokerRelay[null], inboundChannel[pool size = 0, active threads = 0, queued tasks = 0, completed tasks = 18], outboundChannel[pool size = 0, active threads = 0, queued tasks = 0, completed tasks = 2], sockJsScheduler[pool size = 10, active threads = 1, queued tasks = 2, completed tasks = 15768]
2026-07-16T17:04:21.099+05:30  INFO 38780 --- [social-coordination-platform] [MessageBroker-5] c.a.l.group.GroupLifecycleScheduler      : Group 6a561bca9db4b4f5d9cb08ab expired due to insufficient confirmed members
2026-07-16T19:10:12.056+05:30  INFO 38780 --- [social-coordination-platform] [essageBroker-10] o.s.w.s.c.WebSocketMessageBrokerStats    : WebSocketSession[0 current WS(0)-HttpStream(0)-HttpPoll(0), 1 total, 0 closed abnormally (0 connect failure, 0 send limit, 1 transport error)], stompSubProtocol[processed CONNECT(1)-CONNECTED(1)-DISCONNECT(0)], stompBrokerRelay[null], inboundChannel[pool size = 0, active threads = 0, queued tasks = 0, completed tasks = 18], outboundChannel[pool size = 0, active threads = 0, queued tasks = 0, completed tasks = 2], sockJsScheduler[pool size = 10, active threads = 1, queued tasks = 2, completed tasks = 16159]
2026-07-16T19:40:12.071+05:30  INFO 38780 --- [social-coordination-platform] [MessageBroker-9] o.s.w.s.c.WebSocketMessageBrokerStats    : WebSocketSession[0 current WS(0)-HttpStream(0)-HttpPoll(0), 1 total, 0 closed abnormally (0 connect failure, 0 send limit, 1 transport error)], stompSubProtocol[processed CONNECT(1)-CONNECTED(1)-DISCONNECT(0)], stompBrokerRelay[null], inboundChannel[pool size = 0, active threads = 0, queued tasks = 0, completed tasks = 18], outboundChannel[pool size = 0, active threads = 0, queued tasks = 0, completed tasks = 2], sockJsScheduler[pool size = 10, active threads = 1, queued tasks = 2, completed tasks = 16550]
2026-07-16T23:56:10.352+05:30  INFO 38780 --- [social-coordination-platform] [MessageBroker-9] o.s.w.s.c.WebSocketMessageBrokerStats    : WebSocketSession[0 current WS(0)-HttpStream(0)-HttpPoll(0), 1 total, 0 closed abnormally (0 connect failure, 0 send limit, 1 transport error)], stompSubProtocol[processed CONNECT(1)-CONNECTED(1)-DISCONNECT(0)], stompBrokerRelay[null], inboundChannel[pool size = 0, active threads = 0, queued tasks = 0, completed tasks = 18], outboundChannel[pool size = 0, active threads = 0, queued tasks = 0, completed tasks = 2], sockJsScheduler[pool size = 10, active threads = 1, queued tasks = 2, completed tasks = 16941]
2026-07-17T00:28:10.442+05:30  INFO 38780 --- [social-coordination-platform] [MessageBroker-9] o.s.w.s.c.WebSocketMessageBrokerStats    : WebSocketSession[0 current WS(0)-HttpStream(0)-HttpPoll(0), 1 total, 0 closed abnormally (0 connect failure, 0 send limit, 1 transport error)], stompSubProtocol[processed CONNECT(1)-CONNECTED(1)-DISCONNECT(0)], stompBrokerRelay[null], inboundChannel[pool size = 0, active threads = 0, queued tasks = 0, completed tasks = 18], outboundChannel[pool size = 0, active threads = 0, queued tasks = 0, completed tasks = 2], sockJsScheduler[pool size = 10, active threads = 1, queued tasks = 2, completed tasks = 17332]
2026-07-17T01:01:15.520+05:30  INFO 38780 --- [social-coordination-platform] [MessageBroker-3] o.s.w.s.c.WebSocketMessageBrokerStats    : WebSocketSession[0 current WS(0)-HttpStream(0)-HttpPoll(0), 1 total, 0 closed abnormally (0 connect failure, 0 send limit, 1 transport error)], stompSubProtocol[processed CONNECT(1)-CONNECTED(1)-DISCONNECT(0)], stompBrokerRelay[null], inboundChannel[pool size = 0, active threads = 0, queued tasks = 0, completed tasks = 18], outboundChannel[pool size = 0, active threads = 0, queued tasks = 0, completed tasks = 2], sockJsScheduler[pool size = 10, active threads = 1, queued tasks = 2, completed tasks = 17723]
2026-07-17T01:53:33.122+05:30  INFO 38780 --- [social-coordination-platform] [MessageBroker-1] o.s.w.s.c.WebSocketMessageBrokerStats    : WebSocketSession[0 current WS(0)-HttpStream(0)-HttpPoll(0), 1 total, 0 closed abnormally (0 connect failure, 0 send limit, 1 transport error)], stompSubProtocol[processed CONNECT(1)-CONNECTED(1)-DISCONNECT(0)], stompBrokerRelay[null], inboundChannel[pool size = 0, active threads = 0, queued tasks = 0, completed tasks = 18], outboundChannel[pool size = 0, active threads = 0, queued tasks = 0, completed tasks = 2], sockJsScheduler[pool size = 10, active threads = 1, queued tasks = 2, completed tasks = 18114]
2026-07-17T02:23:33.139+05:30  INFO 38780 --- [social-coordination-platform] [MessageBroker-5] o.s.w.s.c.WebSocketMessageBrokerStats    : WebSocketSession[0 current WS(0)-HttpStream(0)-HttpPoll(0), 1 total, 0 closed abnormally (0 connect failure, 0 send limit, 1 transport error)], stompSubProtocol[processed CONNECT(1)-CONNECTED(1)-DISCONNECT(0)], stompBrokerRelay[null], inboundChannel[pool size = 0, active threads = 0, queued tasks = 0, completed tasks = 18], outboundChannel[pool size = 0, active threads = 0, queued tasks = 0, completed tasks = 2], sockJsScheduler[pool size = 10, active threads = 1, queued tasks = 2, completed tasks = 18505]
2026-07-17T09:18:08.254+05:30  INFO 38780 --- [social-coordination-platform] [MessageBroker-9] o.s.w.s.c.WebSocketMessageBrokerStats    : WebSocketSession[0 current WS(0)-HttpStream(0)-HttpPoll(0), 1 total, 0 closed abnormally (0 connect failure, 0 send limit, 1 transport error)], stompSubProtocol[processed CONNECT(1)-CONNECTED(1)-DISCONNECT(0)], stompBrokerRelay[null], inboundChannel[pool size = 0, active threads = 0, queued tasks = 0, completed tasks = 18], outboundChannel[pool size = 0, active threads = 0, queued tasks = 0, completed tasks = 2], sockJsScheduler[pool size = 10, active threads = 1, queued tasks = 2, completed tasks = 18896]
2026-07-17T09:56:52.753+05:30  INFO 38780 --- [social-coordination-platform] [MessageBroker-3] o.s.w.s.c.WebSocketMessageBrokerStats    : WebSocketSession[0 current WS(0)-HttpStream(0)-HttpPoll(0), 1 total, 0 closed abnormally (0 connect failure, 0 send limit, 1 transport error)], stompSubProtocol[processed CONNECT(1)-CONNECTED(1)-DISCONNECT(0)], stompBrokerRelay[null], inboundChannel[pool size = 0, active threads = 0, queued tasks = 0, completed tasks = 18], outboundChannel[pool size = 0, active threads = 0, queued tasks = 0, completed tasks = 2], sockJsScheduler[pool size = 10, active threads = 1, queued tasks = 2, completed tasks = 19287]
2026-07-17T10:26:52.797+05:30  INFO 38780 --- [social-coordination-platform] [MessageBroker-4] o.s.w.s.c.WebSocketMessageBrokerStats    : WebSocketSession[0 current WS(0)-HttpStream(0)-HttpPoll(0), 1 total, 0 closed abnormally (0 connect failure, 0 send limit, 1 transport error)], stompSubProtocol[processed CONNECT(1)-CONNECTED(1)-DISCONNECT(0)], stompBrokerRelay[null], inboundChannel[pool size = 0, active threads = 0, queued tasks = 0, completed tasks = 18], outboundChannel[pool size = 0, active threads = 0, queued tasks = 0, completed tasks = 2], sockJsScheduler[pool size = 10, active threads = 1, queued tasks = 2, completed tasks = 19678]
2026-07-17T11:04:57.423+05:30  INFO 38780 --- [social-coordination-platform] [MessageBroker-8] o.s.w.s.c.WebSocketMessageBrokerStats    : WebSocketSession[0 current WS(0)-HttpStream(0)-HttpPoll(0), 1 total, 0 closed abnormally (0 connect failure, 0 send limit, 1 transport error)], stompSubProtocol[processed CONNECT(1)-CONNECTED(1)-DISCONNECT(0)], stompBrokerRelay[null], inboundChannel[pool size = 0, active threads = 0, queued tasks = 0, completed tasks = 18], outboundChannel[pool size = 0, active threads = 0, queued tasks = 0, completed tasks = 2], sockJsScheduler[pool size = 10, active threads = 1, queued tasks = 2, completed tasks = 20069]
2026-07-17T11:34:57.444+05:30  INFO 38780 --- [social-coordination-platform] [MessageBroker-6] o.s.w.s.c.WebSocketMessageBrokerStats    : WebSocketSession[0 current WS(0)-HttpStream(0)-HttpPoll(0), 1 total, 0 closed abnormally (0 connect failure, 0 send limit, 1 transport error)], stompSubProtocol[processed CONNECT(1)-CONNECTED(1)-DISCONNECT(0)], stompBrokerRelay[null], inboundChannel[pool size = 0, active threads = 0, queued tasks = 0, completed tasks = 18], outboundChannel[pool size = 0, active threads = 0, queued tasks = 0, completed tasks = 2], sockJsScheduler[pool size = 10, active threads = 1, queued tasks = 2, completed tasks = 20460]
2026-07-17T12:04:57.450+05:30  INFO 38780 --- [social-coordination-platform] [MessageBroker-9] o.s.w.s.c.WebSocketMessageBrokerStats    : WebSocketSession[0 current WS(0)-HttpStream(0)-HttpPoll(0), 1 total, 0 closed abnormally (0 connect failure, 0 send limit, 1 transport error)], stompSubProtocol[processed CONNECT(1)-CONNECTED(1)-DISCONNECT(0)], stompBrokerRelay[null], inboundChannel[pool size = 0, active threads = 0, queued tasks = 0, completed tasks = 18], outboundChannel[pool size = 0, active threads = 0, queued tasks = 0, completed tasks = 2], sockJsScheduler[pool size = 10, active threads = 1, queued tasks = 2, completed tasks = 20851]
2026-07-17T13:01:11.732+05:30  INFO 38780 --- [social-coordination-platform] [MessageBroker-2] o.s.w.s.c.WebSocketMessageBrokerStats    : WebSocketSession[0 current WS(0)-HttpStream(0)-HttpPoll(0), 1 total, 0 closed abnormally (0 connect failure, 0 send limit, 1 transport error)], stompSubProtocol[processed CONNECT(1)-CONNECTED(1)-DISCONNECT(0)], stompBrokerRelay[null], inboundChannel[pool size = 0, active threads = 0, queued tasks = 0, completed tasks = 18], outboundChannel[pool size = 0, active threads = 0, queued tasks = 0, completed tasks = 2], sockJsScheduler[pool size = 10, active threads = 1, queued tasks = 2, completed tasks = 21242]
2026-07-17T13:38:53.983+05:30  INFO 38780 --- [social-coordination-platform] [MessageBroker-6] o.s.w.s.c.WebSocketMessageBrokerStats    : WebSocketSession[0 current WS(0)-HttpStream(0)-HttpPoll(0), 1 total, 0 closed abnormally (0 connect failure, 0 send limit, 1 transport error)], stompSubProtocol[processed CONNECT(1)-CONNECTED(1)-DISCONNECT(0)], stompBrokerRelay[null], inboundChannel[pool size = 0, active threads = 0, queued tasks = 0, completed tasks = 18], outboundChannel[pool size = 0, active threads = 0, queued tasks = 0, completed tasks = 2], sockJsScheduler[pool size = 10, active threads = 1, queued tasks = 2, completed tasks = 21633]
2026-07-17T14:23:45.276+05:30  INFO 38780 --- [social-coordination-platform] [MessageBroker-7] o.s.w.s.c.WebSocketMessageBrokerStats    : WebSocketSession[0 current WS(0)-HttpStream(0)-HttpPoll(0), 1 total, 0 closed abnormally (0 connect failure, 0 send limit, 1 transport error)], stompSubProtocol[processed CONNECT(1)-CONNECTED(1)-DISCONNECT(0)], stompBrokerRelay[null], inboundChannel[pool size = 0, active threads = 0, queued tasks = 0, completed tasks = 18], outboundChannel[pool size = 0, active threads = 0, queued tasks = 0, completed tasks = 2], sockJsScheduler[pool size = 10, active threads = 1, queued tasks = 2, completed tasks = 22024]
2026-07-17T17:17:56.234+05:30  INFO 38780 --- [social-coordination-platform] [MessageBroker-2] o.s.w.s.c.WebSocketMessageBrokerStats    : WebSocketSession[0 current WS(0)-HttpStream(0)-HttpPoll(0), 1 total, 0 closed abnormally (0 connect failure, 0 send limit, 1 transport error)], stompSubProtocol[processed CONNECT(1)-CONNECTED(1)-DISCONNECT(0)], stompBrokerRelay[null], inboundChannel[pool size = 0, active threads = 0, queued tasks = 0, completed tasks = 18], outboundChannel[pool size = 0, active threads = 0, queued tasks = 0, completed tasks = 2], sockJsScheduler[pool size = 10, active threads = 1, queued tasks = 2, completed tasks = 22415]
2026-07-17T20:59:40.173+05:30  INFO 38780 --- [social-coordination-platform] [MessageBroker-1] o.s.w.s.c.WebSocketMessageBrokerStats    : WebSocketSession[0 current WS(0)-HttpStream(0)-HttpPoll(0), 1 total, 0 closed abnormally (0 connect failure, 0 send limit, 1 transport error)], stompSubProtocol[processed CONNECT(1)-CONNECTED(1)-DISCONNECT(0)], stompBrokerRelay[null], inboundChannel[pool size = 0, active threads = 0, queued tasks = 0, completed tasks = 18], outboundChannel[pool size = 0, active threads = 0, queued tasks = 0, completed tasks = 2], sockJsScheduler[pool size = 10, active threads = 1, queued tasks = 2, completed tasks = 22806]
[INFO] ------------------------------------------------------------------------
[INFO] BUILD FAILURE
[INFO] ------------------------------------------------------------------------
[INFO] Total time:  3 d 04:39 h
[INFO] Finished at: 2026-07-17T21:21:35+05:30
[INFO] ------------------------------------------------------------------------
[ERROR] Failed to execute goal org.springframework.boot:spring-boot-maven-plugin:4.0.1:run (default-cli) on project social-coordination-platform: Process terminated with exit code: 137 -> [Help 1]
[ERROR] 
[ERROR] To see the full stack trace of the errors, re-run Maven with the -e switch.
[ERROR] Re-run Maven using the -X switch to enable full debug logging.
[ERROR] 
[ERROR] For more information about the errors and possible solutions, please read the following articles:
[ERROR] [Help 1] http://cwiki.apache.org/confluence/display/MAVEN/MojoExecutionException
