[INFO] Scanning for projects...
[INFO] 
[INFO] --------------< com.example:social-coordination-platform >--------------
[INFO] Building social-coordination-platform 0.0.1-SNAPSHOT
[INFO]   from pom.xml
[INFO] --------------------------------[ jar ]---------------------------------
[INFO] 
[INFO] --- resources:3.3.1:resources (default-resources) @ social-coordination-platform ---
[INFO] Copying 1 resource from src/main/resources to target/classes
[INFO] Copying 0 resource from src/main/resources to target/classes
[INFO] 
[INFO] --- compiler:3.14.1:compile (default-compile) @ social-coordination-platform ---
[INFO] Nothing to compile - all classes are up to date.
[INFO] 
[INFO] --- resources:3.3.1:testResources (default-testResources) @ social-coordination-platform ---
[INFO] skip non existing resourceDirectory /Users/anvesh/Documents/Codes/MeetSpot-branch1/Social-Coordination-Platform/backend/src/test/resources
[INFO] 
[INFO] --- compiler:3.14.1:testCompile (default-testCompile) @ social-coordination-platform ---
[INFO] Nothing to compile - all classes are up to date.
[INFO] 
[INFO] --- surefire:3.5.4:test (default-test) @ social-coordination-platform ---
[INFO] Using auto detected provider org.apache.maven.surefire.junitplatform.JUnitPlatformProvider
[INFO] 
[INFO] -------------------------------------------------------
[INFO]  T E S T S
[INFO] -------------------------------------------------------
[INFO] Running com.app.localgroup.BugInvestigationTest
15:37:21.636 [main] INFO org.springframework.test.context.support.AnnotationConfigContextLoaderUtils -- Could not detect default configuration classes for test class [com.app.localgroup.BugInvestigationTest]: BugInvestigationTest does not declare any static, non-private, non-final, nested classes annotated with @Configuration.
15:37:21.667 [main] INFO org.springframework.boot.test.context.SpringBootTestContextBootstrapper -- Found @SpringBootConfiguration com.app.localgroup.SocialCoordinationPlatformApplication for test class com.app.localgroup.BugInvestigationTest

  .   ____          _            __ _ _
 /\\ / ___'_ __ _ _(_)_ __  __ _ \ \ \ \
( ( )\___ | '_ | '_| | '_ \/ _` | \ \ \ \
 \\/  ___)| |_)| | | | | || (_| |  ) ) ) )
  '  |____| .__|_| |_|_| |_\__, | / / / /
 =========|_|==============|___/=/_/_/_/

 :: Spring Boot ::                (v4.0.1)

2026-07-14T15:37:21.792+05:30  INFO 37936 --- [social-coordination-platform] [           main] c.app.localgroup.BugInvestigationTest    : Starting BugInvestigationTest using Java 21.0.11 with PID 37936 (started by anvesh in /Users/anvesh/Documents/Codes/MeetSpot-branch1/Social-Coordination-Platform/backend)
2026-07-14T15:37:21.792+05:30  INFO 37936 --- [social-coordination-platform] [           main] c.app.localgroup.BugInvestigationTest    : The following 1 profile is active: "dev"
2026-07-14T15:37:21.999+05:30  INFO 37936 --- [social-coordination-platform] [           main] .s.d.r.c.RepositoryConfigurationDelegate : Bootstrapping Spring Data MongoDB repositories in DEFAULT mode.
2026-07-14T15:37:22.020+05:30  INFO 37936 --- [social-coordination-platform] [           main] .s.d.r.c.RepositoryConfigurationDelegate : Finished Spring Data repository scanning in 18 ms. Found 5 MongoDB repository interfaces.
2026-07-14T15:37:22.155+05:30  INFO 37936 --- [social-coordination-platform] [           main] org.mongodb.driver.client                : MongoClient with metadata {"driver": {"name": "mongo-java-driver|spring-boot|sync", "version": "5.6.2"}, "os": {"type": "Darwin", "name": "Mac OS X", "architecture": "aarch64", "version": "26.5.2"}, "platform": "Java/Homebrew/21.0.11"} created with settings MongoClientSettings{readPreference=primary, writeConcern=WriteConcern{w=null, wTimeout=null ms, journal=null}, retryWrites=true, retryReads=true, readConcern=ReadConcern{level=null}, credential=null, transportSettings=null, commandListeners=[], codecRegistry=ProvidersCodecRegistry{codecProviders=[ValueCodecProvider{}, BsonValueCodecProvider{}, DBRefCodecProvider{}, DBObjectCodecProvider{}, DocumentCodecProvider{}, CollectionCodecProvider{}, IterableCodecProvider{}, MapCodecProvider{}, GeoJsonCodecProvider{}, GridFSFileCodecProvider{}, Jsr310CodecProvider{}, JsonObjectCodecProvider{}, BsonCodecProvider{}, com.mongodb.client.model.mql.ExpressionCodecProvider@6d969330, com.mongodb.Jep395RecordCodecProvider@4861cca9, com.mongodb.KotlinCodecProvider@6c8f4bc7, EnumCodecProvider{}]}, loggerSettings=LoggerSettings{maxDocumentLength=1000}, clusterSettings={hosts=[localhost:27017], srvServiceName=mongodb, mode=SINGLE, requiredClusterType=UNKNOWN, requiredReplicaSetName='null', serverSelector='null', clusterListeners='[]', serverSelectionTimeout='30000 ms', localThreshold='15 ms'}, socketSettings=SocketSettings{connectTimeoutMS=10000, readTimeoutMS=0, receiveBufferSize=0, proxySettings=ProxySettings{host=null, port=null, username=null, password=null}}, heartbeatSocketSettings=SocketSettings{connectTimeoutMS=10000, readTimeoutMS=10000, receiveBufferSize=0, proxySettings=ProxySettings{host=null, port=null, username=null, password=null}}, connectionPoolSettings=ConnectionPoolSettings{maxSize=100, minSize=0, maxWaitTimeMS=120000, maxConnectionLifeTimeMS=0, maxConnectionIdleTimeMS=0, maintenanceInitialDelayMS=0, maintenanceFrequencyMS=60000, connectionPoolListeners=[], maxConnecting=2}, serverSettings=ServerSettings{heartbeatFrequencyMS=10000, minHeartbeatFrequencyMS=500, serverMonitoringMode=AUTO, serverListeners='[]', serverMonitorListeners='[]'}, sslSettings=SslSettings{enabled=false, invalidHostNameAllowed=false, context=null}, applicationName='null', compressorList=[], uuidRepresentation=UNSPECIFIED, serverApi=null, autoEncryptionSettings=null, dnsClient=null, inetAddressResolver=null, contextProvider=null, timeoutMS=null}
2026-07-14T15:37:22.166+05:30  INFO 37936 --- [social-coordination-platform] [localhost:27017] org.mongodb.driver.cluster               : Monitor thread successfully connected to server with description ServerDescription{address=localhost:27017, type=STANDALONE, cryptd=false, state=CONNECTED, ok=true, minWireVersion=0, maxWireVersion=27, maxDocumentSize=16777216, logicalSessionTimeoutMinutes=30, roundTripTimeNanos=5320500, minRoundTripTimeNanos=0}
2026-07-14T15:37:22.515+05:30  INFO 37936 --- [social-coordination-platform] [           main] o.s.m.s.b.SimpleBrokerMessageHandler     : Starting...
2026-07-14T15:37:22.515+05:30  INFO 37936 --- [social-coordination-platform] [           main] o.s.m.s.b.SimpleBrokerMessageHandler     : BrokerAvailabilityEvent[available=true, SimpleBrokerMessageHandler [org.springframework.messaging.simp.broker.DefaultSubscriptionRegistry@664254b6]]
2026-07-14T15:37:22.516+05:30  INFO 37936 --- [social-coordination-platform] [           main] o.s.m.s.b.SimpleBrokerMessageHandler     : Started.
2026-07-14T15:37:22.518+05:30  INFO 37936 --- [social-coordination-platform] [           main] c.app.localgroup.BugInvestigationTest    : Started BugInvestigationTest in 0.813 seconds (process running for 1.13)
2026-07-14T15:37:22.550+05:30  INFO 37936 --- [social-coordination-platform] [MessageBroker-1] c.a.l.group.GroupLifecycleScheduler      : Group 6a560a51bfe84f63751c83cd transitioned JOINABLE->CONFIRMATION
--- RUNNING BUG INVESTIGATION TEST ---
User ID: 6a560a5ad9c9c86373cbb6f9
2026-07-14T15:37:22.822+05:30  INFO 37936 --- [social-coordination-platform] [           main] com.app.localgroup.place.PlaceService    : Created new map place: externalId=osm-1784023642815 placeId=6a560a5ad9c9c86373cbb6fa
2026-07-14T15:37:22.824+05:30  INFO 37936 --- [social-coordination-platform] [           main] com.app.localgroup.group.GroupService    : Group created: 6a560a5ad9c9c86373cbb6fb by 6a560a5ad9c9c86373cbb6f9 with place: 6a560a5ad9c9c86373cbb6fa
Group created. Assigned Place ID: 6a560a5ad9c9c86373cbb6fa
findNearby returned 2 places.
Found our newly created place in getNearby result!
ID: 6a560a5ad9c9c86373cbb6fa
Category: CAFE
External ID: osm-1784023642815
If PlacePanel uses externalId (osm-1784023642815):
Found groups: 0
If PlacePanel uses Mongo ID (6a560a5ad9c9c86373cbb6fa):
Found groups: 1
--- TEST FINISHED ---
2026-07-14T15:37:22.842+05:30  INFO 37936 --- [social-coordination-platform] [           main] o.s.m.s.b.SimpleBrokerMessageHandler     : Stopping...
2026-07-14T15:37:22.842+05:30  INFO 37936 --- [social-coordination-platform] [           main] o.s.m.s.b.SimpleBrokerMessageHandler     : BrokerAvailabilityEvent[available=false, SimpleBrokerMessageHandler [org.springframework.messaging.simp.broker.DefaultSubscriptionRegistry@664254b6]]
2026-07-14T15:37:22.842+05:30  INFO 37936 --- [social-coordination-platform] [           main] o.s.m.s.b.SimpleBrokerMessageHandler     : Stopped.
[INFO] Tests run: 1, Failures: 0, Errors: 0, Skipped: 0, Time elapsed: 1.252 s -- in com.app.localgroup.BugInvestigationTest
[INFO] 
[INFO] Results:
[INFO] 
[INFO] Tests run: 1, Failures: 0, Errors: 0, Skipped: 0
[INFO] 
[INFO] ------------------------------------------------------------------------
[INFO] BUILD SUCCESS
[INFO] ------------------------------------------------------------------------
[INFO] Total time:  1.875 s
[INFO] Finished at: 2026-07-14T15:37:22+05:30
[INFO] ------------------------------------------------------------------------
